l_pred_t/96_336.pt
tensor(0.0224, device='cuda:0')
tensor(0.0221, device='cuda:0')
tensor(0.0218, device='cuda:0')
tensor(0.0215, device='cuda:0')
tensor(0.0211, device='cuda:0')
tensor(0.0208, device='cuda:0')
tensor(0.0205, device='cuda:0')
tensor(0.0202, device='cuda:0')
tensor(0.0200, device='cuda:0')
tensor(0.0197, device='cuda:0')
tensor(0.0194, device='cuda:0')
tensor(0.0191, device='cuda:0')
tensor(0.0188, device='cuda:0')
tensor(0.0184, device='cuda:0')
tensor(0.0179, device='cuda:0')
tensor(0.0174, device='cuda:0')
tensor(0.0169, device='cuda:0')
tensor(0.0163, device='cuda:0')
tensor(0.0157, device='cuda:0')
tensor(0.0151, device='cuda:0')
tensor(0.0146, device='cuda:0')
tensor(0.0140, device='cuda:0')
tensor(0.0136, device='cuda:0')
tensor(0.0132, device='cuda:0')
tensor(0.0129, device='cuda:0')
tensor(0.0126, device='cuda:0')
tensor(0.0124, device='cuda:0')
tensor(0.0123, device='cuda:0')
tensor(0.0123, device='cuda:0')
tensor(0.0123, device='cuda:0')
tensor(0.0123, device='cuda:0')
tensor(0.0124, device='cuda:0')
tensor(0.0125, device='cuda:0')
tensor(0.0127, device='cuda:0')
tensor(0.0129, device='cuda:0')
tensor(0.0131, device='cuda:0')
tensor(0.0134, device='cuda:0')
tensor(0.0137, device='cuda:0')
tensor(0.0140, device='cuda:0')
tensor(0.0144, device='cuda:0')
tensor(0.0147, device='cuda:0')
tensor(0.0151, device='cuda:0')
tensor(0.0154, device='cuda:0')
tensor(0.0157, device='cuda:0')
tensor(0.0159, device='cuda:0')
tensor(0.0160, device='cuda:0')
tensor(0.0161, device='cuda:0')
tensor(0.0161, device='cuda:0')
tensor(0.0161, device='cuda:0')
tensor(0.0161, device='cuda:0')
tensor(0.0160, device='cuda:0')
tensor(0.0160, device='cuda:0')
tensor(0.0160, device='cuda:0')
tensor(0.0160, device='cuda:0')
tensor(0.0161, device='cuda:0')
tensor(0.0161, device='cuda:0')
tensor(0.0161, device='cuda:0')
tensor(0.0160, device='cuda:0')
tensor(0.0159, device='cuda:0')
tensor(0.0158, device='cuda:0')
tensor(0.0156, device='cuda:0')
tensor(0.0153, device='cuda:0')
tensor(0.0150, device='cuda:0')
tensor(0.0148, device='cuda:0')
tensor(0.0145, device='cuda:0')
tensor(0.0142, device='cuda:0')
tensor(0.0140, device='cuda:0')
tensor(0.0138, device='cuda:0')
tensor(0.0136, device='cuda:0')
tensor(0.0134, device='cuda:0')
tensor(0.0133, device='cuda:0')
tensor(0.0132, device='cuda:0')
tensor(0.0132, device='cuda:0')
tensor(0.0132, device='cuda:0')
tensor(0.0132, device='cuda:0')
tensor(0.0132, device='cuda:0')
tensor(0.0132, device='cuda:0')
tensor(0.0133, device='cuda:0')
tensor(0.0134, device='cuda:0')
tensor(0.0135, device='cuda:0')
tensor(0.0136, device='cuda:0')
tensor(0.0137, device='cuda:0')
tensor(0.0139, device='cuda:0')
tensor(0.0140, device='cuda:0')
tensor(0.0142, device='cuda:0')
tensor(0.0143, device='cuda:0')
tensor(0.0144, device='cuda:0')
tensor(0.0146, device='cuda:0')
tensor(0.0147, device='cuda:0')
tensor(0.0148, device='cuda:0')
tensor(0.0149, device='cuda:0')
tensor(0.0150, device='cuda:0')
tensor(0.0150, device='cuda:0')
tensor(0.0150, device='cuda:0')
tensor(0.0150, device='cuda:0')
tensor(0.0150, device='cuda:0')
tensor(0.0151, device='cuda:0')
tensor(0.0151, device='cuda:0')
tensor(0.0153, device='cuda:0')
tensor(0.0155, device='cuda:0')
tensor(0.0158, device='cuda:0')
tensor(0.0161, device='cuda:0')
tensor(0.0165, device='cuda:0')
tensor(0.0170, device='cuda:0')
tensor(0.0174, device='cuda:0')
tensor(0.0178, device='cuda:0')
tensor(0.0181, device='cuda:0')
tensor(0.0183, device='cuda:0')
tensor(0.0185, device='cuda:0')
tensor(0.0186, device='cuda:0')
tensor(0.0186, device='cuda:0')
tensor(0.0185, device='cuda:0')
tensor(0.0184, device='cuda:0')
tensor(0.0181, device='cuda:0')
tensor(0.0178, device='cuda:0')
tensor(0.0174, device='cuda:0')
tensor(0.0169, device='cuda:0')
tensor(0.0164, device='cuda:0')
tensor(0.0158, device='cuda:0')
tensor(0.0151, device='cuda:0')
tensor(0.0145, device='cuda:0')
tensor(0.0140, device='cuda:0')
tensor(0.0135, device='cuda:0')
tensor(0.0132, device='cuda:0')
tensor(0.0129, device='cuda:0')
tensor(0.0128, device='cuda:0')
tensor(0.0128, device='cuda:0')
tensor(0.0128, device='cuda:0')
tensor(0.0128, device='cuda:0')
tensor(0.0129, device='cuda:0')
tensor(0.0129, device='cuda:0')
tensor(0.0129, device='cuda:0')
tensor(0.0128, device='cuda:0')
tensor(0.0128, device='cuda:0')
tensor(0.0127, device='cuda:0')
tensor(0.0126, device='cuda:0')
tensor(0.0126, device='cuda:0')
tensor(0.0126, device='cuda:0')
tensor(0.0126, device='cuda:0')
tensor(0.0126, device='cuda:0')
tensor(0.0127, device='cuda:0')
tensor(0.0128, device='cuda:0')
tensor(0.0129, device='cuda:0')
tensor(0.0131, device='cuda:0')
tensor(0.0134, device='cuda:0')
tensor(0.0137, device='cuda:0')
tensor(0.0141, device='cuda:0')
tensor(0.0146, device='cuda:0')
tensor(0.0151, device='cuda:0')
tensor(0.0156, device='cuda:0')
tensor(0.0161, device='cuda:0')
tensor(0.0166, device='cuda:0')
tensor(0.0170, device='cuda:0')
tensor(0.0173, device='cuda:0')
tensor(0.0174, device='cuda:0')
tensor(0.0175, device='cuda:0')
tensor(0.0175, device='cuda:0')
tensor(0.0175, device='cuda:0')
tensor(0.0174, device='cuda:0')
tensor(0.0173, device='cuda:0')
tensor(0.0171, device='cuda:0')
tensor(0.0170, device='cuda:0')
tensor(0.0167, device='cuda:0')
tensor(0.0165, device='cuda:0')
tensor(0.0162, device='cuda:0')
tensor(0.0159, device='cuda:0')
tensor(0.0156, device='cuda:0')
tensor(0.0154, device='cuda:0')
tensor(0.0154, device='cuda:0')
tensor(0.0158, device='cuda:0')
tensor(0.0166, device='cuda:0')
tensor(0.0179, device='cuda:0')
tensor(0.0197, device='cuda:0')
tensor(0.0220, device='cuda:0')
tensor(0.0248, device='cuda:0')
tensor(0.0278, device='cuda:0')
tensor(0.0309, device='cuda:0')
tensor(0.0341, device='cuda:0')
tensor(0.0371, device='cuda:0')
tensor(0.0399, device='cuda:0')
tensor(0.0423, device='cuda:0')
tensor(0.0443, device='cuda:0')
tensor(0.0459, device='cuda:0')
tensor(0.0470, device='cuda:0')
tensor(0.0476, device='cuda:0')
tensor(0.0478, device='cuda:0')
tensor(0.0474, device='cuda:0')
tensor(0.0465, device='cuda:0')
tensor(0.0451, device='cuda:0')
tensor(0.0432, device='cuda:0')
tensor(0.0410, device='cuda:0')
tensor(0.0385, device='cuda:0')
tensor(0.0358, device='cuda:0')
tensor(0.0331, device='cuda:0')
tensor(0.0306, device='cuda:0')
tensor(0.0283, device='cuda:0')
tensor(0.0264, device='cuda:0')
tensor(0.0249, device='cuda:0')
tensor(0.0239, device='cuda:0')
tensor(0.0234, device='cuda:0')
tensor(0.0232, device='cuda:0')
tensor(0.0233, device='cuda:0')
tensor(0.0235, device='cuda:0')
tensor(0.0239, device='cuda:0')
tensor(0.0243, device='cuda:0')
tensor(0.0248, device='cuda:0')
tensor(0.0252, device='cuda:0')
tensor(0.0257, device='cuda:0')
tensor(0.0261, device='cuda:0')
tensor(0.0266, device='cuda:0')
tensor(0.0270, device='cuda:0')
tensor(0.0275, device='cuda:0')
tensor(0.0280, device='cuda:0')
tensor(0.0286, device='cuda:0')
tensor(0.0292, device='cuda:0')
tensor(0.0298, device='cuda:0')
tensor(0.0306, device='cuda:0')
tensor(0.0314, device='cuda:0')
tensor(0.0322, device='cuda:0')
tensor(0.0332, device='cuda:0')
tensor(0.0341, device='cuda:0')
tensor(0.0352, device='cuda:0')
tensor(0.0362, device='cuda:0')
tensor(0.0373, device='cuda:0')
tensor(0.0385, device='cuda:0')
tensor(0.0396, device='cuda:0')
tensor(0.0408, device='cuda:0')
tensor(0.0420, device='cuda:0')
tensor(0.0431, device='cuda:0')
tensor(0.0442, device='cuda:0')
tensor(0.0452, device='cuda:0')
tensor(0.0461, device='cuda:0')
tensor(0.0468, device='cuda:0')
tensor(0.0474, device='cuda:0')
tensor(0.0477, device='cuda:0')
tensor(0.0478, device='cuda:0')
tensor(0.0476, device='cuda:0')
tensor(0.0471, device='cuda:0')
tensor(0.0463, device='cuda:0')
tensor(0.0452, device='cuda:0')
tensor(0.0439, device='cuda:0')
tensor(0.0423, device='cuda:0')
tensor(0.0406, device='cuda:0')
tensor(0.0389, device='cuda:0')
tensor(0.0371, device='cuda:0')
tensor(0.0354, device='cuda:0')
tensor(0.0339, device='cuda:0')
tensor(0.0325, device='cuda:0')
tensor(0.0312, device='cuda:0')
tensor(0.0302, device='cuda:0')
tensor(0.0293, device='cuda:0')
tensor(0.0285, device='cuda:0')
tensor(0.0279, device='cuda:0')
tensor(0.0275, device='cuda:0')
tensor(0.0272, device='cuda:0')
tensor(0.0270, device='cuda:0')
tensor(0.0270, device='cuda:0')
tensor(0.0271, device='cuda:0')
tensor(0.0274, device='cuda:0')
tensor(0.0278, device='cuda:0')
tensor(0.0285, device='cuda:0')
tensor(0.0293, device='cuda:0')
tensor(0.0303, device='cuda:0')
tensor(0.0315, device='cuda:0')
tensor(0.0328, device='cuda:0')
tensor(0.0344, device='cuda:0')
tensor(0.0361, device='cuda:0')
tensor(0.0380, device='cuda:0')
tensor(0.0400, device='cuda:0')
tensor(0.0419, device='cuda:0')
tensor(0.0439, device='cuda:0')
tensor(0.0457, device='cuda:0')
tensor(0.0474, device='cuda:0')
tensor(0.0490, device='cuda:0')
tensor(0.0502, device='cuda:0')
tensor(0.0513, device='cuda:0')
tensor(0.0520, device='cuda:0')
tensor(0.0525, device='cuda:0')
tensor(0.0528, device='cuda:0')
tensor(0.0529, device='cuda:0')
tensor(0.0528, device='cuda:0')
tensor(0.0526, device='cuda:0')
tensor(0.0524, device='cuda:0')
tensor(0.0521, device='cuda:0')
tensor(0.0519, device='cuda:0')
tensor(0.0519, device='cuda:0')
tensor(0.0519, device='cuda:0')
tensor(0.0522, device='cuda:0')
tensor(0.0526, device='cuda:0')
tensor(0.0533, device='cuda:0')
tensor(0.0541, device='cuda:0')
tensor(0.0552, device='cuda:0')
tensor(0.0563, device='cuda:0')
tensor(0.0576, device='cuda:0')
tensor(0.0589, device='cuda:0')
tensor(0.0603, device='cuda:0')
tensor(0.0615, device='cuda:0')
tensor(0.0626, device='cuda:0')
tensor(0.0636, device='cuda:0')
tensor(0.0644, device='cuda:0')
tensor(0.0650, device='cuda:0')
tensor(0.0654, device='cuda:0')
tensor(0.0657, device='cuda:0')
tensor(0.0658, device='cuda:0')
tensor(0.0658, device='cuda:0')
tensor(0.0656, device='cuda:0')
tensor(0.0653, device='cuda:0')
tensor(0.0650, device='cuda:0')
tensor(0.0645, device='cuda:0')
tensor(0.0640, device='cuda:0')
tensor(0.0634, device='cuda:0')
tensor(0.0627, device='cuda:0')
tensor(0.0620, device='cuda:0')
tensor(0.0611, device='cuda:0')
tensor(0.0601, device='cuda:0')
tensor(0.0590, device='cuda:0')
tensor(0.0579, device='cuda:0')
tensor(0.0567, device='cuda:0')
tensor(0.0556, device='cuda:0')
tensor(0.0546, device='cuda:0')
tensor(0.0536, device='cuda:0')
tensor(0.0528, device='cuda:0')
tensor(0.0522, device='cuda:0')
tensor(0.0517, device='cuda:0')
tensor(0.0513, device='cuda:0')
tensor(0.0511, device='cuda:0')
tensor(0.0510, device='cuda:0')
tensor(0.0510, device='cuda:0')
tensor(0.0511, device='cuda:0')
tensor(0.0511, device='cuda:0')
tensor(0.0511, device='cuda:0')
tensor(0.0508, device='cuda:0')
tensor(0.0504, device='cuda:0')
tensor(0.0496, device='cuda:0')
tensor(0.0486, device='cuda:0')
tensor(0.0473, device='cuda:0')
tensor(0.0458, device='cuda:0')
tensor(0.0441, device='cuda:0')
tensor(0.0424, device='cuda:0')
tensor(0.0407, device='cuda:0')
tensor(0.0392, device='cuda:0')
tensor(0.0378, device='cuda:0')
tensor(0.0366, device='cuda:0')
tensor(0.0356, device='cuda:0')
tensor(0.0348, device='cuda:0')
tensor(0.0342, device='cuda:0')
tensor(0.0337, device='cuda:0')
tensor(0.0335, device='cuda:0')
tensor(0.0334, device='cuda:0')
tensor(0.0334, device='cuda:0')
tensor(0.0335, device='cuda:0')
tensor(0.0338, device='cuda:0')
tensor(0.0341, device='cuda:0')
tensor(0.0346, device='cuda:0')
tensor(0.0352, device='cuda:0')
tensor(0.0359, device='cuda:0')
tensor(0.0367, device='cuda:0')
tensor(0.0377, device='cuda:0')
tensor(0.0388, device='cuda:0')
tensor(0.0402, device='cuda:0')
tensor(0.0416, device='cuda:0')
tensor(0.0433, device='cuda:0')
tensor(0.0452, device='cuda:0')
tensor(0.0471, device='cuda:0')
tensor(0.0492, device='cuda:0')
tensor(0.0513, device='cuda:0')
tensor(0.0533, device='cuda:0')
tensor(0.0551, device='cuda:0')
tensor(0.0567, device='cuda:0')
tensor(0.0580, device='cuda:0')
tensor(0.0589, device='cuda:0')
tensor(0.0595, device='cuda:0')
tensor(0.0597, device='cuda:0')
tensor(0.0596, device='cuda:0')
tensor(0.0592, device='cuda:0')
tensor(0.0586, device='cuda:0')
tensor(0.0578, device='cuda:0')
tensor(0.0569, device='cuda:0')
tensor(0.0559, device='cuda:0')
tensor(0.0551, device='cuda:0')
tensor(0.0543, device='cuda:0')
tensor(0.0538, device='cuda:0')
tensor(0.0534, device='cuda:0')
tensor(0.0534, device='cuda:0')
tensor(0.0536, device='cuda:0')
tensor(0.0541, device='cuda:0')
tensor(0.0548, device='cuda:0')
tensor(0.0558, device='cuda:0')
tensor(0.0569, device='cuda:0')
tensor(0.0581, device='cuda:0')
tensor(0.0594, device='cuda:0')
tensor(0.0606, device='cuda:0')
tensor(0.0617, device='cuda:0')
tensor(0.0627, device='cuda:0')
tensor(0.0636, device='cuda:0')
tensor(0.0643, device='cuda:0')
tensor(0.0649, device='cuda:0')
tensor(0.0653, device='cuda:0')
tensor(0.0656, device='cuda:0')
tensor(0.0657, device='cuda:0')
tensor(0.0657, device='cuda:0')
tensor(0.0655, device='cuda:0')
tensor(0.0651, device='cuda:0')
tensor(0.0645, device='cuda:0')
tensor(0.0636, device='cuda:0')
tensor(0.0624, device='cuda:0')
tensor(0.0609, device='cuda:0')
tensor(0.0590, device='cuda:0')
tensor(0.0570, device='cuda:0')
tensor(0.0547, device='cuda:0')
tensor(0.0524, device='cuda:0')
tensor(0.0500, device='cuda:0')
tensor(0.0477, device='cuda:0')
tensor(0.0455, device='cuda:0')
tensor(0.0435, device='cuda:0')
tensor(0.0417, device='cuda:0')
tensor(0.0402, device='cuda:0')
tensor(0.0389, device='cuda:0')
tensor(0.0379, device='cuda:0')
tensor(0.0370, device='cuda:0')
tensor(0.0364, device='cuda:0')
tensor(0.0358, device='cuda:0')
tensor(0.0353, device='cuda:0')
tensor(0.0349, device='cuda:0')
tensor(0.0346, device='cuda:0')
tensor(0.0342, device='cuda:0')
tensor(0.0339, device='cuda:0')
tensor(0.0336, device='cuda:0')
tensor(0.0333, device='cuda:0')
tensor(0.0330, device='cuda:0')
tensor(0.0327, device='cuda:0')
tensor(0.0324, device='cuda:0')
tensor(0.0322, device='cuda:0')
tensor(0.0320, device='cuda:0')
tensor(0.0319, device='cuda:0')
tensor(0.0317, device='cuda:0')
tensor(0.0316, device='cuda:0')
tensor(0.0315, device='cuda:0')
tensor(0.0314, device='cuda:0')
tensor(0.0312, device='cuda:0')
tensor(0.0310, device='cuda:0')
tensor(0.0307, device='cuda:0')
tensor(0.0304, device='cuda:0')
tensor(0.0301, device='cuda:0')
tensor(0.0298, device='cuda:0')
tensor(0.0294, device='cuda:0')
tensor(0.0291, device='cuda:0')
tensor(0.0287, device='cuda:0')
tensor(0.0284, device='cuda:0')
tensor(0.0281, device='cuda:0')
tensor(0.0278, device='cuda:0')
tensor(0.0275, device='cuda:0')
tensor(0.0272, device='cuda:0')
tensor(0.0270, device='cuda:0')
tensor(0.0268, device='cuda:0')
tensor(0.0266, device='cuda:0')
tensor(0.0264, device='cuda:0')
tensor(0.0263, device='cuda:0')
tensor(0.0262, device='cuda:0')
tensor(0.0261, device='cuda:0')
tensor(0.0260, device='cuda:0')
tensor(0.0260, device='cuda:0')
tensor(0.0260, device='cuda:0')
tensor(0.0260, device='cuda:0')
tensor(0.0261, device='cuda:0')
tensor(0.0262, device='cuda:0')
tensor(0.0263, device='cuda:0')
tensor(0.0264, device='cuda:0')
tensor(0.0266, device='cuda:0')
tensor(0.0268, device='cuda:0')
tensor(0.0270, device='cuda:0')
tensor(0.0271, device='cuda:0')
tensor(0.0273, device='cuda:0')
tensor(0.0276, device='cuda:0')
tensor(0.0277, device='cuda:0')
tensor(0.0279, device='cuda:0')
tensor(0.0281, device='cuda:0')
tensor(0.0282, device='cuda:0')
tensor(0.0284, device='cuda:0')
tensor(0.0285, device='cuda:0')
tensor(0.0286, device='cuda:0')
tensor(0.0288, device='cuda:0')
tensor(0.0289, device='cuda:0')
tensor(0.0291, device='cuda:0')
tensor(0.0293, device='cuda:0')
tensor(0.0295, device='cuda:0')
tensor(0.0298, device='cuda:0')
tensor(0.0300, device='cuda:0')
tensor(0.0302, device='cuda:0')
tensor(0.0305, device='cuda:0')
tensor(0.0307, device='cuda:0')
tensor(0.0309, device='cuda:0')
tensor(0.0311, device='cuda:0')
tensor(0.0313, device='cuda:0')
tensor(0.0315, device='cuda:0')
tensor(0.0316, device='cuda:0')
tensor(0.0318, device='cuda:0')
tensor(0.0320, device='cuda:0')
tensor(0.0321, device='cuda:0')
tensor(0.0322, device='cuda:0')
tensor(0.0323, device='cuda:0')
tensor(0.0323, device='cuda:0')
tensor(0.0323, device='cuda:0')
tensor(0.0322, device='cuda:0')
tensor(0.0320, device='cuda:0')
tensor(0.0317, device='cuda:0')
tensor(0.0313, device='cuda:0')
tensor(0.0309, device='cuda:0')
tensor(0.0305, device='cuda:0')
tensor(0.0300, device='cuda:0')
tensor(0.0296, device='cuda:0')
tensor(0.0292, device='cuda:0')
tensor(0.0288, device='cuda:0')
tensor(0.0285, device='cuda:0')
tensor(0.0283, device='cuda:0')
tensor(0.0281, device='cuda:0')
tensor(0.0280, device='cuda:0')
tensor(0.0280, device='cuda:0')
tensor(0.0280, device='cuda:0')
tensor(0.0281, device='cuda:0')
tensor(0.0282, device='cuda:0')
tensor(0.0284, device='cuda:0')
tensor(0.0285, device='cuda:0')
tensor(0.0287, device='cuda:0')
tensor(0.0288, device='cuda:0')
tensor(0.0289, device='cuda:0')
tensor(0.0290, device='cuda:0')
tensor(0.0290, device='cuda:0')
tensor(0.0290, device='cuda:0')
tensor(0.0290, device='cuda:0')
tensor(0.0290, device='cuda:0')
tensor(0.0291, device='cuda:0')
tensor(0.0292, device='cuda:0')
tensor(0.0293, device='cuda:0')
tensor(0.0295, device='cuda:0')
tensor(0.0298, device='cuda:0')
tensor(0.0301, device='cuda:0')
tensor(0.0304, device='cuda:0')
tensor(0.0307, device='cuda:0')
tensor(0.0311, device='cuda:0')
tensor(0.0314, device='cuda:0')
tensor(0.0317, device='cuda:0')
tensor(0.0319, device='cuda:0')
tensor(0.0321, device='cuda:0')
tensor(0.0321, device='cuda:0')
tensor(0.0321, device='cuda:0')
tensor(0.0320, device='cuda:0')
tensor(0.0317, device='cuda:0')
tensor(0.0313, device='cuda:0')
tensor(0.0309, device='cuda:0')
tensor(0.0304, device='cuda:0')
tensor(0.0299, device='cuda:0')
tensor(0.0294, device='cuda:0')
tensor(0.0289, device='cuda:0')
tensor(0.0286, device='cuda:0')
tensor(0.0284, device='cuda:0')
tensor(0.0283, device='cuda:0')
tensor(0.0283, device='cuda:0')
tensor(0.0285, device='cuda:0')
tensor(0.0288, device='cuda:0')
tensor(0.0291, device='cuda:0')
tensor(0.0294, device='cuda:0')
tensor(0.0297, device='cuda:0')
tensor(0.0299, device='cuda:0')
tensor(0.0300, device='cuda:0')
tensor(0.0301, device='cuda:0')
tensor(0.0301, device='cuda:0')
tensor(0.0300, device='cuda:0')
tensor(0.0300, device='cuda:0')
tensor(0.0299, device='cuda:0')
tensor(0.0298, device='cuda:0')
tensor(0.0298, device='cuda:0')
tensor(0.0299, device='cuda:0')
tensor(0.0300, device='cuda:0')
tensor(0.0302, device='cuda:0')
tensor(0.0304, device='cuda:0')
tensor(0.0306, device='cuda:0')
tensor(0.0309, device='cuda:0')
tensor(0.0312, device='cuda:0')
tensor(0.0315, device='cuda:0')
tensor(0.0318, device='cuda:0')
tensor(0.0321, device='cuda:0')
tensor(0.0325, device='cuda:0')
tensor(0.0329, device='cuda:0')
tensor(0.0333, device='cuda:0')
tensor(0.0337, device='cuda:0')
tensor(0.0341, device='cuda:0')
tensor(0.0345, device='cuda:0')
tensor(0.0350, device='cuda:0')
tensor(0.0354, device='cuda:0')
tensor(0.0358, device='cuda:0')
tensor(0.0362, device='cuda:0')
tensor(0.0366, device='cuda:0')
tensor(0.0370, device='cuda:0')
tensor(0.0373, device='cuda:0')
tensor(0.0375, device='cuda:0')
tensor(0.0378, device='cuda:0')
tensor(0.0379, device='cuda:0')
tensor(0.0381, device='cuda:0')
tensor(0.0381, device='cuda:0')
tensor(0.0381, device='cuda:0')
tensor(0.0381, device='cuda:0')
tensor(0.0380, device='cuda:0')
tensor(0.0380, device='cuda:0')
tensor(0.0380, device='cuda:0')
tensor(0.0381, device='cuda:0')
tensor(0.0383, device='cuda:0')
tensor(0.0385, device='cuda:0')
tensor(0.0388, device='cuda:0')
tensor(0.0391, device='cuda:0')
tensor(0.0394, device='cuda:0')
tensor(0.0397, device='cuda:0')
tensor(0.0401, device='cuda:0')
tensor(0.0404, device='cuda:0')
tensor(0.0407, device='cuda:0')
tensor(0.0410, device='cuda:0')
tensor(0.0412, device='cuda:0')
tensor(0.0413, device='cuda:0')
tensor(0.0414, device='cuda:0')
tensor(0.0414, device='cuda:0')
tensor(0.0414, device='cuda:0')
tensor(0.0411, device='cuda:0')
tensor(0.0408, device='cuda:0')
tensor(0.0403, device='cuda:0')
tensor(0.0398, device='cuda:0')
tensor(0.0391, device='cuda:0')
tensor(0.0384, device='cuda:0')
tensor(0.0375, device='cuda:0')
tensor(0.0366, device='cuda:0')
tensor(0.0357, device='cuda:0')
tensor(0.0347, device='cuda:0')
tensor(0.0336, device='cuda:0')
tensor(0.0326, device='cuda:0')
tensor(0.0316, device='cuda:0')
tensor(0.0306, device='cuda:0')
tensor(0.0296, device='cuda:0')
tensor(0.0286, device='cuda:0')
tensor(0.0277, device='cuda:0')
tensor(0.0268, device='cuda:0')
tensor(0.0260, device='cuda:0')
tensor(0.0253, device='cuda:0')
tensor(0.0246, device='cuda:0')
tensor(0.0240, device='cuda:0')
tensor(0.0235, device='cuda:0')
tensor(0.0230, device='cuda:0')
tensor(0.0227, device='cuda:0')
tensor(0.0223, device='cuda:0')
tensor(0.0221, device='cuda:0')
tensor(0.0219, device='cuda:0')
tensor(0.0217, device='cuda:0')
tensor(0.0215, device='cuda:0')
tensor(0.0213, device='cuda:0')
tensor(0.0212, device='cuda:0')
tensor(0.0210, device='cuda:0')
tensor(0.0209, device='cuda:0')
tensor(0.0207, device='cuda:0')
tensor(0.0205, device='cuda:0')
tensor(0.0203, device='cuda:0')
tensor(0.0201, device='cuda:0')
tensor(0.0199, device='cuda:0')
tensor(0.0197, device='cuda:0')
tensor(0.0195, device='cuda:0')
tensor(0.0193, device='cuda:0')
tensor(0.0191, device='cuda:0')
tensor(0.0189, device='cuda:0')
tensor(0.0187, device='cuda:0')
tensor(0.0185, device='cuda:0')
tensor(0.0183, device='cuda:0')
tensor(0.0181, device='cuda:0')
tensor(0.0179, device='cuda:0')
tensor(0.0178, device='cuda:0')
tensor(0.0177, device='cuda:0')
tensor(0.0176, device='cuda:0')
tensor(0.0176, device='cuda:0')
tensor(0.0175, device='cuda:0')
tensor(0.0175, device='cuda:0')
tensor(0.0176, device='cuda:0')
tensor(0.0176, device='cuda:0')
tensor(0.0176, device='cuda:0')
tensor(0.0176, device='cuda:0')
tensor(0.0176, device='cuda:0')
tensor(0.0176, device='cuda:0')
tensor(0.0176, device='cuda:0')
tensor(0.0176, device='cuda:0')
tensor(0.0177, device='cuda:0')
tensor(0.0177, device='cuda:0')
tensor(0.0177, device='cuda:0')
tensor(0.0178, device='cuda:0')
tensor(0.0179, device='cuda:0')
tensor(0.0180, device='cuda:0')
tensor(0.0183, device='cuda:0')
tensor(0.0185, device='cuda:0')
tensor(0.0189, device='cuda:0')
tensor(0.0193, device='cuda:0')
tensor(0.0199, device='cuda:0')
tensor(0.0206, device='cuda:0')
tensor(0.0214, device='cuda:0')
tensor(0.0223, device='cuda:0')
tensor(0.0234, device='cuda:0')
tensor(0.0247, device='cuda:0')
tensor(0.0260, device='cuda:0')
tensor(0.0275, device='cuda:0')
tensor(0.0291, device='cuda:0')
tensor(0.0307, device='cuda:0')
tensor(0.0324, device='cuda:0')
tensor(0.0340, device='cuda:0')
tensor(0.0355, device='cuda:0')
tensor(0.0369, device='cuda:0')
tensor(0.0382, device='cuda:0')
tensor(0.0395, device='cuda:0')
tensor(0.0406, device='cuda:0')
tensor(0.0416, device='cuda:0')
tensor(0.0425, device='cuda:0')
tensor(0.0434, device='cuda:0')
tensor(0.0442, device='cuda:0')
tensor(0.0450, device='cuda:0')
tensor(0.0457, device='cuda:0')
tensor(0.0464, device='cuda:0')
tensor(0.0470, device='cuda:0')
tensor(0.0476, device='cuda:0')
tensor(0.0482, device='cuda:0')
tensor(0.0487, device='cuda:0')
tensor(0.0491, device='cuda:0')
tensor(0.0495, device='cuda:0')
tensor(0.0499, device='cuda:0')
tensor(0.0502, device='cuda:0')
tensor(0.0505, device='cuda:0')
tensor(0.0508, device='cuda:0')
tensor(0.0510, device='cuda:0')
tensor(0.0512, device='cuda:0')
tensor(0.0513, device='cuda:0')
tensor(0.0513, device='cuda:0')
tensor(0.0512, device='cuda:0')
tensor(0.0509, device='cuda:0')
tensor(0.0505, device='cuda:0')
tensor(0.0499, device='cuda:0')
tensor(0.0492, device='cuda:0')
tensor(0.0483, device='cuda:0')
tensor(0.0474, device='cuda:0')
tensor(0.0465, device='cuda:0')
tensor(0.0456, device='cuda:0')
tensor(0.0446, device='cuda:0')
tensor(0.0437, device='cuda:0')
tensor(0.0429, device='cuda:0')
tensor(0.0420, device='cuda:0')
tensor(0.0412, device='cuda:0')
tensor(0.0405, device='cuda:0')
tensor(0.0397, device='cuda:0')
tensor(0.0391, device='cuda:0')
tensor(0.0384, device='cuda:0')
tensor(0.0378, device='cuda:0')
tensor(0.0373, device='cuda:0')
tensor(0.0369, device='cuda:0')
tensor(0.0365, device='cuda:0')
tensor(0.0362, device='cuda:0')
tensor(0.0360, device='cuda:0')
tensor(0.0359, device='cuda:0')
tensor(0.0359, device='cuda:0')
tensor(0.0359, device='cuda:0')
tensor(0.0360, device='cuda:0')
tensor(0.0361, device='cuda:0')
tensor(0.0363, device='cuda:0')
tensor(0.0365, device='cuda:0')
tensor(0.0367, device='cuda:0')
tensor(0.0369, device='cuda:0')
tensor(0.0371, device='cuda:0')
tensor(0.0372, device='cuda:0')
tensor(0.0372, device='cuda:0')
tensor(0.0372, device='cuda:0')
tensor(0.0371, device='cuda:0')
tensor(0.0369, device='cuda:0')
tensor(0.0367, device='cuda:0')
tensor(0.0364, device='cuda:0')
tensor(0.0361, device='cuda:0')
tensor(0.0358, device='cuda:0')
tensor(0.0355, device='cuda:0')
tensor(0.0353, device='cuda:0')
tensor(0.0352, device='cuda:0')
tensor(0.0351, device='cuda:0')
tensor(0.0350, device='cuda:0')
tensor(0.0350, device='cuda:0')
tensor(0.0351, device='cuda:0')
tensor(0.0352, device='cuda:0')
tensor(0.0354, device='cuda:0')
tensor(0.0356, device='cuda:0')
tensor(0.0359, device='cuda:0')
tensor(0.0362, device='cuda:0')
tensor(0.0366, device='cuda:0')
tensor(0.0371, device='cuda:0')
tensor(0.0376, device='cuda:0')
tensor(0.0382, device='cuda:0')
tensor(0.0389, device='cuda:0')
tensor(0.0397, device='cuda:0')
tensor(0.0406, device='cuda:0')
tensor(0.0415, device='cuda:0')
tensor(0.0425, device='cuda:0')
tensor(0.0434, device='cuda:0')
tensor(0.0444, device='cuda:0')
tensor(0.0453, device='cuda:0')
tensor(0.0462, device='cuda:0')
tensor(0.0470, device='cuda:0')
tensor(0.0477, device='cuda:0')
tensor(0.0482, device='cuda:0')
tensor(0.0487, device='cuda:0')
tensor(0.0490, device='cuda:0')
tensor(0.0493, device='cuda:0')
tensor(0.0495, device='cuda:0')
tensor(0.0496, device='cuda:0')
tensor(0.0497, device='cuda:0')
tensor(0.0498, device='cuda:0')
tensor(0.0499, device='cuda:0')
tensor(0.0500, device='cuda:0')
tensor(0.0501, device='cuda:0')
tensor(0.0504, device='cuda:0')
tensor(0.0506, device='cuda:0')
tensor(0.0509, device='cuda:0')
tensor(0.0512, device='cuda:0')
tensor(0.0516, device='cuda:0')
tensor(0.0519, device='cuda:0')
tensor(0.0522, device='cuda:0')
tensor(0.0524, device='cuda:0')
tensor(0.0526, device='cuda:0')
tensor(0.0527, device='cuda:0')
tensor(0.0528, device='cuda:0')
tensor(0.0528, device='cuda:0')
tensor(0.0529, device='cuda:0')
tensor(0.0529, device='cuda:0')
tensor(0.0528, device='cuda:0')
tensor(0.0528, device='cuda:0')
tensor(0.0527, device='cuda:0')
tensor(0.0526, device='cuda:0')
tensor(0.0524, device='cuda:0')
tensor(0.0521, device='cuda:0')
tensor(0.0517, device='cuda:0')
tensor(0.0512, device='cuda:0')
tensor(0.0506, device='cuda:0')
tensor(0.0497, device='cuda:0')
tensor(0.0487, device='cuda:0')
tensor(0.0475, device='cuda:0')
tensor(0.0461, device='cuda:0')
tensor(0.0447, device='cuda:0')
tensor(0.0434, device='cuda:0')
tensor(0.0421, device='cuda:0')
tensor(0.0409, device='cuda:0')
tensor(0.0399, device='cuda:0')
tensor(0.0392, device='cuda:0')
tensor(0.0387, device='cuda:0')
tensor(0.0384, device='cuda:0')
tensor(0.0383, device='cuda:0')
tensor(0.0384, device='cuda:0')
tensor(0.0386, device='cuda:0')
tensor(0.0388, device='cuda:0')
tensor(0.0391, device='cuda:0')
tensor(0.0394, device='cuda:0')
tensor(0.0397, device='cuda:0')
tensor(0.0399, device='cuda:0')
tensor(0.0401, device='cuda:0')
tensor(0.0403, device='cuda:0')
tensor(0.0403, device='cuda:0')
tensor(0.0403, device='cuda:0')
tensor(0.0403, device='cuda:0')
tensor(0.0402, device='cuda:0')
tensor(0.0400, device='cuda:0')
tensor(0.0398, device='cuda:0')
tensor(0.0396, device='cuda:0')
tensor(0.0394, device='cuda:0')
tensor(0.0391, device='cuda:0')
tensor(0.0389, device='cuda:0')
tensor(0.0386, device='cuda:0')
tensor(0.0384, device='cuda:0')
tensor(0.0381, device='cuda:0')
tensor(0.0378, device='cuda:0')
tensor(0.0374, device='cuda:0')
tensor(0.0371, device='cuda:0')
tensor(0.0367, device='cuda:0')
tensor(0.0363, device='cuda:0')
tensor(0.0360, device='cuda:0')
tensor(0.0356, device='cuda:0')
tensor(0.0353, device='cuda:0')
tensor(0.0350, device='cuda:0')
tensor(0.0348, device='cuda:0')
tensor(0.0346, device='cuda:0')
tensor(0.0345, device='cuda:0')
tensor(0.0345, device='cuda:0')
tensor(0.0345, device='cuda:0')
tensor(0.0345, device='cuda:0')
tensor(0.0346, device='cuda:0')
tensor(0.0347, device='cuda:0')
tensor(0.0348, device='cuda:0')
tensor(0.0350, device='cuda:0')
tensor(0.0351, device='cuda:0')
tensor(0.0353, device='cuda:0')
tensor(0.0354, device='cuda:0')
tensor(0.0355, device='cuda:0')
tensor(0.0356, device='cuda:0')
tensor(0.0357, device='cuda:0')
tensor(0.0358, device='cuda:0')
tensor(0.0358, device='cuda:0')
tensor(0.0359, device='cuda:0')
tensor(0.0360, device='cuda:0')
tensor(0.0361, device='cuda:0')
tensor(0.0361, device='cuda:0')
tensor(0.0362, device='cuda:0')
tensor(0.0363, device='cuda:0')
tensor(0.0363, device='cuda:0')
tensor(0.0364, device='cuda:0')
tensor(0.0364, device='cuda:0')
tensor(0.0364, device='cuda:0')
tensor(0.0363, device='cuda:0')
tensor(0.0363, device='cuda:0')
tensor(0.0362, device='cuda:0')
tensor(0.0360, device='cuda:0')
tensor(0.0359, device='cuda:0')
tensor(0.0357, device='cuda:0')
tensor(0.0356, device='cuda:0')
tensor(0.0355, device='cuda:0')
tensor(0.0354, device='cuda:0')
tensor(0.0353, device='cuda:0')
tensor(0.0352, device='cuda:0')
tensor(0.0351, device='cuda:0')
tensor(0.0350, device='cuda:0')
tensor(0.0349, device='cuda:0')
tensor(0.0348, device='cuda:0')
tensor(0.0347, device='cuda:0')
tensor(0.0347, device='cuda:0')
tensor(0.0348, device='cuda:0')
tensor(0.0349, device='cuda:0')
tensor(0.0352, device='cuda:0')
tensor(0.0356, device='cuda:0')
tensor(0.0362, device='cuda:0')
tensor(0.0368, device='cuda:0')
tensor(0.0377, device='cuda:0')
tensor(0.0386, device='cuda:0')
tensor(0.0397, device='cuda:0')
tensor(0.0410, device='cuda:0')
tensor(0.0423, device='cuda:0')
tensor(0.0438, device='cuda:0')
tensor(0.0453, device='cuda:0')
tensor(0.0468, device='cuda:0')
tensor(0.0483, device='cuda:0')
tensor(0.0496, device='cuda:0')
tensor(0.0508, device='cuda:0')
tensor(0.0517, device='cuda:0')
tensor(0.0523, device='cuda:0')
tensor(0.0525, device='cuda:0')
tensor(0.0524, device='cuda:0')
tensor(0.0518, device='cuda:0')
tensor(0.0510, device='cuda:0')
tensor(0.0498, device='cuda:0')
tensor(0.0486, device='cuda:0')
tensor(0.0472, device='cuda:0')
tensor(0.0458, device='cuda:0')
tensor(0.0446, device='cuda:0')
tensor(0.0434, device='cuda:0')
tensor(0.0424, device='cuda:0')
tensor(0.0415, device='cuda:0')
tensor(0.0409, device='cuda:0')
tensor(0.0403, device='cuda:0')
tensor(0.0400, device='cuda:0')
tensor(0.0397, device='cuda:0')
tensor(0.0396, device='cuda:0')
tensor(0.0396, device='cuda:0')
tensor(0.0396, device='cuda:0')
tensor(0.0397, device='cuda:0')
tensor(0.0399, device='cuda:0')
tensor(0.0402, device='cuda:0')
tensor(0.0404, device='cuda:0')
tensor(0.0408, device='cuda:0')
tensor(0.0411, device='cuda:0')
tensor(0.0415, device='cuda:0')
tensor(0.0418, device='cuda:0')
tensor(0.0421, device='cuda:0')
tensor(0.0424, device='cuda:0')
tensor(0.0427, device='cuda:0')
tensor(0.0429, device='cuda:0')
tensor(0.0430, device='cuda:0')
tensor(0.0431, device='cuda:0')
tensor(0.0432, device='cuda:0')
tensor(0.0432, device='cuda:0')
tensor(0.0432, device='cuda:0')
tensor(0.0431, device='cuda:0')
tensor(0.0430, device='cuda:0')
tensor(0.0430, device='cuda:0')
tensor(0.0429, device='cuda:0')
tensor(0.0428, device='cuda:0')
tensor(0.0428, device='cuda:0')
tensor(0.0427, device='cuda:0')
tensor(0.0426, device='cuda:0')
tensor(0.0426, device='cuda:0')
tensor(0.0425, device='cuda:0')
tensor(0.0425, device='cuda:0')
tensor(0.0424, device='cuda:0')
tensor(0.0424, device='cuda:0')
tensor(0.0424, device='cuda:0')
tensor(0.0424, device='cuda:0')
tensor(0.0424, device='cuda:0')
tensor(0.0424, device='cuda:0')
tensor(0.0424, device='cuda:0')
tensor(0.0425, device='cuda:0')
tensor(0.0425, device='cuda:0')
tensor(0.0425, device='cuda:0')
tensor(0.0425, device='cuda:0')
tensor(0.0426, device='cuda:0')
tensor(0.0426, device='cuda:0')
tensor(0.0427, device='cuda:0')
tensor(0.0428, device='cuda:0')
tensor(0.0429, device='cuda:0')
tensor(0.0432, device='cuda:0')
tensor(0.0435, device='cuda:0')
tensor(0.0439, device='cuda:0')
tensor(0.0445, device='cuda:0')
tensor(0.0451, device='cuda:0')
tensor(0.0458, device='cuda:0')
tensor(0.0465, device='cuda:0')
tensor(0.0472, device='cuda:0')
tensor(0.0479, device='cuda:0')
tensor(0.0484, device='cuda:0')
tensor(0.0488, device='cuda:0')
tensor(0.0491, device='cuda:0')
tensor(0.0493, device='cuda:0')
tensor(0.0492, device='cuda:0')
tensor(0.0491, device='cuda:0')
tensor(0.0488, device='cuda:0')
tensor(0.0484, device='cuda:0')
tensor(0.0480, device='cuda:0')
tensor(0.0474, device='cuda:0')
tensor(0.0469, device='cuda:0')
tensor(0.0463, device='cuda:0')
tensor(0.0457, device='cuda:0')
tensor(0.0450, device='cuda:0')
tensor(0.0443, device='cuda:0')
tensor(0.0436, device='cuda:0')
tensor(0.0428, device='cuda:0')
tensor(0.0420, device='cuda:0')
tensor(0.0411, device='cuda:0')
tensor(0.0402, device='cuda:0')
tensor(0.0393, device='cuda:0')
tensor(0.0384, device='cuda:0')
tensor(0.0375, device='cuda:0')
tensor(0.0367, device='cuda:0')
tensor(0.0359, device='cuda:0')
tensor(0.0352, device='cuda:0')
tensor(0.0346, device='cuda:0')
tensor(0.0342, device='cuda:0')
tensor(0.0339, device='cuda:0')
tensor(0.0337, device='cuda:0')
tensor(0.0336, device='cuda:0')
tensor(0.0336, device='cuda:0')
tensor(0.0338, device='cuda:0')
tensor(0.0339, device='cuda:0')
tensor(0.0341, device='cuda:0')
tensor(0.0342, device='cuda:0')
tensor(0.0342, device='cuda:0')
tensor(0.0341, device='cuda:0')
tensor(0.0339, device='cuda:0')
tensor(0.0335, device='cuda:0')
tensor(0.0330, device='cuda:0')
tensor(0.0325, device='cuda:0')
tensor(0.0319, device='cuda:0')
tensor(0.0314, device='cuda:0')
tensor(0.0309, device='cuda:0')
tensor(0.0305, device='cuda:0')
tensor(0.0301, device='cuda:0')
tensor(0.0299, device='cuda:0')
tensor(0.0296, device='cuda:0')
tensor(0.0295, device='cuda:0')
tensor(0.0293, device='cuda:0')
tensor(0.0292, device='cuda:0')
tensor(0.0291, device='cuda:0')
tensor(0.0290, device='cuda:0')
tensor(0.0289, device='cuda:0')
tensor(0.0287, device='cuda:0')
tensor(0.0285, device='cuda:0')
tensor(0.0283, device='cuda:0')
tensor(0.0280, device='cuda:0')
tensor(0.0277, device='cuda:0')
tensor(0.0273, device='cuda:0')
tensor(0.0269, device='cuda:0')
tensor(0.0265, device='cuda:0')
tensor(0.0262, device='cuda:0')
tensor(0.0259, device='cuda:0')
tensor(0.0258, device='cuda:0')
tensor(0.0259, device='cuda:0')
tensor(0.0261, device='cuda:0')
tensor(0.0265, device='cuda:0')
tensor(0.0271, device='cuda:0')
tensor(0.0277, device='cuda:0')
tensor(0.0284, device='cuda:0')
tensor(0.0290, device='cuda:0')
tensor(0.0295, device='cuda:0')
tensor(0.0298, device='cuda:0')
tensor(0.0300, device='cuda:0')
tensor(0.0299, device='cuda:0')
tensor(0.0298, device='cuda:0')
tensor(0.0296, device='cuda:0')
tensor(0.0293, device='cuda:0')
tensor(0.0290, device='cuda:0')
tensor(0.0288, device='cuda:0')
tensor(0.0287, device='cuda:0')
tensor(0.0287, device='cuda:0')
tensor(0.0288, device='cuda:0')
tensor(0.0290, device='cuda:0')
tensor(0.0293, device='cuda:0')
tensor(0.0296, device='cuda:0')
tensor(0.0299, device='cuda:0')
tensor(0.0302, device='cuda:0')
tensor(0.0304, device='cuda:0')
tensor(0.0306, device='cuda:0')
tensor(0.0307, device='cuda:0')
tensor(0.0309, device='cuda:0')
tensor(0.0310, device='cuda:0')
tensor(0.0311, device='cuda:0')
tensor(0.0313, device='cuda:0')
tensor(0.0314, device='cuda:0')
tensor(0.0316, device='cuda:0')
tensor(0.0317, device='cuda:0')
tensor(0.0318, device='cuda:0')
tensor(0.0318, device='cuda:0')
tensor(0.0317, device='cuda:0')
tensor(0.0316, device='cuda:0')
tensor(0.0314, device='cuda:0')
tensor(0.0312, device='cuda:0')
tensor(0.0310, device='cuda:0')
tensor(0.0308, device='cuda:0')
tensor(0.0306, device='cuda:0')
tensor(0.0305, device='cuda:0')
tensor(0.0304, device='cuda:0')
tensor(0.0303, device='cuda:0')
tensor(0.0302, device='cuda:0')
tensor(0.0300, device='cuda:0')
tensor(0.0298, device='cuda:0')
tensor(0.0295, device='cuda:0')
tensor(0.0291, device='cuda:0')
tensor(0.0286, device='cuda:0')
tensor(0.0280, device='cuda:0')
tensor(0.0274, device='cuda:0')
tensor(0.0267, device='cuda:0')
tensor(0.0260, device='cuda:0')
tensor(0.0253, device='cuda:0')
tensor(0.0245, device='cuda:0')
tensor(0.0238, device='cuda:0')
tensor(0.0230, device='cuda:0')
tensor(0.0222, device='cuda:0')
tensor(0.0215, device='cuda:0')
tensor(0.0209, device='cuda:0')
tensor(0.0204, device='cuda:0')
tensor(0.0200, device='cuda:0')
tensor(0.0198, device='cuda:0')
tensor(0.0198, device='cuda:0')
tensor(0.0199, device='cuda:0')
tensor(0.0201, device='cuda:0')
tensor(0.0205, device='cuda:0')
tensor(0.0208, device='cuda:0')
tensor(0.0211, device='cuda:0')
tensor(0.0213, device='cuda:0')
tensor(0.0215, device='cuda:0')
tensor(0.0215, device='cuda:0')
tensor(0.0214, device='cuda:0')
tensor(0.0213, device='cuda:0')
tensor(0.0210, device='cuda:0')
tensor(0.0207, device='cuda:0')
tensor(0.0203, device='cuda:0')
tensor(0.0199, device='cuda:0')
tensor(0.0195, device='cuda:0')
tensor(0.0191, device='cuda:0')
tensor(0.0187, device='cuda:0')
tensor(0.0183, device='cuda:0')
tensor(0.0180, device='cuda:0')
tensor(0.0176, device='cuda:0')
tensor(0.0172, device='cuda:0')
tensor(0.0169, device='cuda:0')
tensor(0.0165, device='cuda:0')
tensor(0.0161, device='cuda:0')
tensor(0.0158, device='cuda:0')
tensor(0.0154, device='cuda:0')
tensor(0.0150, device='cuda:0')
tensor(0.0145, device='cuda:0')
tensor(0.0141, device='cuda:0')
tensor(0.0136, device='cuda:0')
tensor(0.0131, device='cuda:0')
tensor(0.0127, device='cuda:0')
tensor(0.0123, device='cuda:0')
tensor(0.0119, device='cuda:0')
tensor(0.0117, device='cuda:0')
tensor(0.0115, device='cuda:0')
tensor(0.0113, device='cuda:0')
tensor(0.0112, device='cuda:0')
tensor(0.0112, device='cuda:0')
tensor(0.0112, device='cuda:0')
tensor(0.0111, device='cuda:0')
tensor(0.0111, device='cuda:0')
tensor(0.0112, device='cuda:0')
tensor(0.0113, device='cuda:0')
tensor(0.0114, device='cuda:0')
tensor(0.0117, device='cuda:0')
tensor(0.0121, device='cuda:0')
tensor(0.0127, device='cuda:0')
tensor(0.0133, device='cuda:0')
tensor(0.0141, device='cuda:0')
tensor(0.0149, device='cuda:0')
tensor(0.0157, device='cuda:0')
tensor(0.0165, device='cuda:0')
tensor(0.0174, device='cuda:0')
tensor(0.0181, device='cuda:0')
tensor(0.0189, device='cuda:0')
tensor(0.0196, device='cuda:0')
tensor(0.0202, device='cuda:0')
tensor(0.0208, device='cuda:0')
tensor(0.0213, device='cuda:0')
tensor(0.0217, device='cuda:0')
tensor(0.0220, device='cuda:0')
tensor(0.0222, device='cuda:0')
tensor(0.0222, device='cuda:0')
tensor(0.0223, device='cuda:0')
tensor(0.0222, device='cuda:0')
tensor(0.0221, device='cuda:0')
tensor(0.0220, device='cuda:0')
tensor(0.0219, device='cuda:0')
tensor(0.0220, device='cuda:0')
tensor(0.0221, device='cuda:0')
tensor(0.0225, device='cuda:0')
tensor(0.0230, device='cuda:0')
tensor(0.0237, device='cuda:0')
tensor(0.0245, device='cuda:0')
tensor(0.0254, device='cuda:0')
tensor(0.0264, device='cuda:0')
tensor(0.0274, device='cuda:0')
tensor(0.0284, device='cuda:0')
tensor(0.0293, device='cuda:0')
tensor(0.0301, device='cuda:0')
tensor(0.0309, device='cuda:0')
tensor(0.0315, device='cuda:0')
tensor(0.0320, device='cuda:0')
tensor(0.0324, device='cuda:0')
tensor(0.0327, device='cuda:0')
tensor(0.0329, device='cuda:0')
tensor(0.0331, device='cuda:0')
tensor(0.0331, device='cuda:0')
tensor(0.0331, device='cuda:0')
tensor(0.0331, device='cuda:0')
tensor(0.0330, device='cuda:0')
tensor(0.0329, device='cuda:0')
tensor(0.0329, device='cuda:0')
tensor(0.0329, device='cuda:0')
tensor(0.0329, device='cuda:0')
tensor(0.0330, device='cuda:0')
tensor(0.0332, device='cuda:0')
tensor(0.0333, device='cuda:0')
tensor(0.0335, device='cuda:0')
tensor(0.0337, device='cuda:0')
tensor(0.0337, device='cuda:0')
tensor(0.0337, device='cuda:0')
tensor(0.0336, device='cuda:0')
tensor(0.0334, device='cuda:0')
tensor(0.0331, device='cuda:0')
tensor(0.0329, device='cuda:0')
tensor(0.0326, device='cuda:0')
tensor(0.0323, device='cuda:0')
tensor(0.0321, device='cuda:0')
tensor(0.0319, device='cuda:0')
tensor(0.0317, device='cuda:0')
tensor(0.0315, device='cuda:0')
tensor(0.0313, device='cuda:0')
tensor(0.0312, device='cuda:0')
tensor(0.0310, device='cuda:0')
tensor(0.0308, device='cuda:0')
tensor(0.0307, device='cuda:0')
tensor(0.0306, device='cuda:0')
tensor(0.0305, device='cuda:0')
tensor(0.0304, device='cuda:0')
tensor(0.0303, device='cuda:0')
tensor(0.0303, device='cuda:0')
tensor(0.0302, device='cuda:0')
tensor(0.0302, device='cuda:0')
tensor(0.0301, device='cuda:0')
tensor(0.0299, device='cuda:0')
tensor(0.0297, device='cuda:0')
tensor(0.0295, device='cuda:0')
tensor(0.0292, device='cuda:0')
tensor(0.0288, device='cuda:0')
tensor(0.0284, device='cuda:0')
tensor(0.0280, device='cuda:0')
tensor(0.0276, device='cuda:0')
tensor(0.0271, device='cuda:0')
tensor(0.0266, device='cuda:0')
tensor(0.0261, device='cuda:0')
tensor(0.0255, device='cuda:0')
tensor(0.0250, device='cuda:0')
tensor(0.0245, device='cuda:0')
tensor(0.0240, device='cuda:0')
tensor(0.0235, device='cuda:0')
tensor(0.0231, device='cuda:0')
tensor(0.0227, device='cuda:0')
tensor(0.0223, device='cuda:0')
tensor(0.0219, device='cuda:0')
tensor(0.0215, device='cuda:0')
tensor(0.0212, device='cuda:0')
tensor(0.0210, device='cuda:0')
tensor(0.0209, device='cuda:0')
tensor(0.0210, device='cuda:0')
tensor(0.0213, device='cuda:0')
tensor(0.0218, device='cuda:0')
tensor(0.0225, device='cuda:0')
tensor(0.0234, device='cuda:0')
tensor(0.0243, device='cuda:0')
tensor(0.0253, device='cuda:0')
tensor(0.0262, device='cuda:0')
tensor(0.0270, device='cuda:0')
tensor(0.0277, device='cuda:0')
tensor(0.0282, device='cuda:0')
tensor(0.0287, device='cuda:0')
tensor(0.0289, device='cuda:0')
tensor(0.0292, device='cuda:0')
tensor(0.0293, device='cuda:0')
tensor(0.0294, device='cuda:0')
tensor(0.0296, device='cuda:0')
tensor(0.0298, device='cuda:0')
tensor(0.0300, device='cuda:0')
tensor(0.0303, device='cuda:0')
tensor(0.0306, device='cuda:0')
tensor(0.0309, device='cuda:0')
tensor(0.0311, device='cuda:0')
tensor(0.0314, device='cuda:0')
tensor(0.0316, device='cuda:0')
tensor(0.0318, device='cuda:0')
tensor(0.0319, device='cuda:0')
tensor(0.0320, device='cuda:0')
tensor(0.0321, device='cuda:0')
tensor(0.0322, device='cuda:0')
tensor(0.0323, device='cuda:0')
tensor(0.0325, device='cuda:0')
tensor(0.0327, device='cuda:0')
tensor(0.0330, device='cuda:0')
tensor(0.0333, device='cuda:0')
tensor(0.0336, device='cuda:0')
tensor(0.0340, device='cuda:0')
tensor(0.0343, device='cuda:0')
tensor(0.0346, device='cuda:0')
tensor(0.0348, device='cuda:0')
tensor(0.0350, device='cuda:0')
tensor(0.0352, device='cuda:0')
tensor(0.0353, device='cuda:0')
tensor(0.0354, device='cuda:0')
tensor(0.0354, device='cuda:0')
tensor(0.0354, device='cuda:0')
tensor(0.0352, device='cuda:0')
tensor(0.0351, device='cuda:0')
tensor(0.0349, device='cuda:0')
tensor(0.0347, device='cuda:0')
tensor(0.0344, device='cuda:0')
tensor(0.0342, device='cuda:0')
tensor(0.0340, device='cuda:0')
tensor(0.0338, device='cuda:0')
tensor(0.0336, device='cuda:0')
tensor(0.0335, device='cuda:0')
tensor(0.0334, device='cuda:0')
tensor(0.0333, device='cuda:0')
tensor(0.0334, device='cuda:0')
tensor(0.0335, device='cuda:0')
tensor(0.0337, device='cuda:0')
tensor(0.0340, device='cuda:0')
tensor(0.0345, device='cuda:0')
tensor(0.0352, device='cuda:0')
tensor(0.0361, device='cuda:0')
tensor(0.0372, device='cuda:0')
tensor(0.0384, device='cuda:0')
tensor(0.0397, device='cuda:0')
tensor(0.0411, device='cuda:0')
tensor(0.0425, device='cuda:0')
tensor(0.0438, device='cuda:0')
tensor(0.0449, device='cuda:0')
tensor(0.0460, device='cuda:0')
tensor(0.0469, device='cuda:0')
tensor(0.0477, device='cuda:0')
tensor(0.0484, device='cuda:0')
tensor(0.0490, device='cuda:0')
tensor(0.0496, device='cuda:0')
tensor(0.0502, device='cuda:0')
tensor(0.0509, device='cuda:0')
tensor(0.0515, device='cuda:0')
tensor(0.0523, device='cuda:0')
tensor(0.0531, device='cuda:0')
tensor(0.0540, device='cuda:0')
tensor(0.0551, device='cuda:0')
tensor(0.0563, device='cuda:0')
tensor(0.0577, device='cuda:0')
tensor(0.0592, device='cuda:0')
tensor(0.0609, device='cuda:0')
tensor(0.0628, device='cuda:0')
tensor(0.0648, device='cuda:0')
tensor(0.0667, device='cuda:0')
tensor(0.0687, device='cuda:0')
tensor(0.0705, device='cuda:0')
tensor(0.0722, device='cuda:0')
tensor(0.0736, device='cuda:0')
tensor(0.0749, device='cuda:0')
tensor(0.0759, device='cuda:0')
tensor(0.0767, device='cuda:0')
tensor(0.0773, device='cuda:0')
tensor(0.0778, device='cuda:0')
tensor(0.0782, device='cuda:0')
tensor(0.0785, device='cuda:0')
tensor(0.0787, device='cuda:0')
tensor(0.0789, device='cuda:0')
tensor(0.0790, device='cuda:0')
tensor(0.0791, device='cuda:0')
tensor(0.0791, device='cuda:0')
tensor(0.0791, device='cuda:0')
tensor(0.0791, device='cuda:0')
tensor(0.0792, device='cuda:0')
tensor(0.0793, device='cuda:0')
tensor(0.0794, device='cuda:0')
tensor(0.0797, device='cuda:0')
tensor(0.0802, device='cuda:0')
tensor(0.0808, device='cuda:0')
tensor(0.0815, device='cuda:0')
tensor(0.0825, device='cuda:0')
tensor(0.0836, device='cuda:0')
tensor(0.0849, device='cuda:0')
tensor(0.0864, device='cuda:0')
tensor(0.0879, device='cuda:0')
tensor(0.0895, device='cuda:0')
tensor(0.0912, device='cuda:0')
tensor(0.0929, device='cuda:0')
tensor(0.0946, device='cuda:0')
tensor(0.0964, device='cuda:0')
tensor(0.0982, device='cuda:0')
tensor(0.1000, device='cuda:0')
tensor(0.1018, device='cuda:0')
tensor(0.1037, device='cuda:0')
tensor(0.1056, device='cuda:0')
tensor(0.1076, device='cuda:0')
tensor(0.1095, device='cuda:0')
tensor(0.1112, device='cuda:0')
tensor(0.1126, device='cuda:0')
tensor(0.1137, device='cuda:0')
tensor(0.1141, device='cuda:0')
tensor(0.1139, device='cuda:0')
tensor(0.1129, device='cuda:0')
tensor(0.1113, device='cuda:0')
tensor(0.1089, device='cuda:0')
tensor(0.1059, device='cuda:0')
tensor(0.1026, device='cuda:0')
tensor(0.0989, device='cuda:0')
tensor(0.0951, device='cuda:0')
tensor(0.0914, device='cuda:0')
tensor(0.0878, device='cuda:0')
tensor(0.0846, device='cuda:0')
tensor(0.0816, device='cuda:0')
tensor(0.0791, device='cuda:0')
tensor(0.0769, device='cuda:0')
tensor(0.0751, device='cuda:0')
tensor(0.0737, device='cuda:0')
tensor(0.0725, device='cuda:0')
tensor(0.0716, device='cuda:0')
tensor(0.0710, device='cuda:0')
tensor(0.0705, device='cuda:0')
tensor(0.0703, device='cuda:0')
tensor(0.0702, device='cuda:0')
tensor(0.0703, device='cuda:0')
tensor(0.0705, device='cuda:0')
tensor(0.0710, device='cuda:0')
tensor(0.0717, device='cuda:0')
tensor(0.0727, device='cuda:0')
tensor(0.0739, device='cuda:0')
tensor(0.0755, device='cuda:0')
tensor(0.0773, device='cuda:0')
tensor(0.0794, device='cuda:0')
tensor(0.0817, device='cuda:0')
tensor(0.0840, device='cuda:0')
tensor(0.0863, device='cuda:0')
tensor(0.0885, device='cuda:0')
tensor(0.0903, device='cuda:0')
tensor(0.0916, device='cuda:0')
tensor(0.0923, device='cuda:0')
tensor(0.0924, device='cuda:0')
tensor(0.0919, device='cuda:0')
tensor(0.0907, device='cuda:0')
tensor(0.0890, device='cuda:0')
tensor(0.0869, device='cuda:0')
tensor(0.0845, device='cuda:0')
tensor(0.0820, device='cuda:0')
tensor(0.0796, device='cuda:0')
tensor(0.0774, device='cuda:0')
tensor(0.0756, device='cuda:0')
tensor(0.0741, device='cuda:0')
tensor(0.0730, device='cuda:0')
tensor(0.0724, device='cuda:0')
tensor(0.0721, device='cuda:0')
tensor(0.0722, device='cuda:0')
tensor(0.0726, device='cuda:0')
tensor(0.0732, device='cuda:0')
tensor(0.0740, device='cuda:0')
tensor(0.0749, device='cuda:0')
tensor(0.0759, device='cuda:0')
tensor(0.0768, device='cuda:0')
tensor(0.0777, device='cuda:0')
tensor(0.0786, device='cuda:0')
tensor(0.0794, device='cuda:0')
tensor(0.0800, device='cuda:0')
tensor(0.0806, device='cuda:0')
tensor(0.0812, device='cuda:0')
tensor(0.0817, device='cuda:0')
tensor(0.0821, device='cuda:0')
tensor(0.0826, device='cuda:0')
tensor(0.0830, device='cuda:0')
tensor(0.0835, device='cuda:0')
tensor(0.0839, device='cuda:0')
tensor(0.0843, device='cuda:0')
tensor(0.0847, device='cuda:0')
tensor(0.0849, device='cuda:0')
tensor(0.0850, device='cuda:0')
tensor(0.0849, device='cuda:0')
tensor(0.0845, device='cuda:0')
tensor(0.0840, device='cuda:0')
tensor(0.0832, device='cuda:0')
tensor(0.0822, device='cuda:0')
tensor(0.0810, device='cuda:0')
tensor(0.0799, device='cuda:0')
tensor(0.0787, device='cuda:0')
tensor(0.0775, device='cuda:0')
tensor(0.0764, device='cuda:0')
tensor(0.0753, device='cuda:0')
tensor(0.0742, device='cuda:0')
tensor(0.0731, device='cuda:0')
tensor(0.0720, device='cuda:0')
tensor(0.0709, device='cuda:0')
tensor(0.0697, device='cuda:0')
tensor(0.0686, device='cuda:0')
tensor(0.0674, device='cuda:0')
tensor(0.0663, device='cuda:0')
tensor(0.0652, device='cuda:0')
tensor(0.0641, device='cuda:0')
tensor(0.0631, device='cuda:0')
tensor(0.0621, device='cuda:0')
tensor(0.0611, device='cuda:0')
tensor(0.0600, device='cuda:0')
tensor(0.0589, device='cuda:0')
tensor(0.0577, device='cuda:0')
tensor(0.0565, device='cuda:0')
tensor(0.0552, device='cuda:0')
tensor(0.0538, device='cuda:0')
tensor(0.0525, device='cuda:0')
tensor(0.0511, device='cuda:0')
tensor(0.0498, device='cuda:0')
tensor(0.0485, device='cuda:0')
tensor(0.0473, device='cuda:0')
tensor(0.0462, device='cuda:0')
tensor(0.0452, device='cuda:0')
tensor(0.0443, device='cuda:0')
tensor(0.0435, device='cuda:0')
tensor(0.0428, device='cuda:0')
tensor(0.0423, device='cuda:0')
tensor(0.0420, device='cuda:0')
tensor(0.0418, device='cuda:0')
tensor(0.0418, device='cuda:0')
tensor(0.0418, device='cuda:0')
tensor(0.0419, device='cuda:0')
tensor(0.0421, device='cuda:0')
tensor(0.0422, device='cuda:0')
tensor(0.0423, device='cuda:0')
tensor(0.0424, device='cuda:0')
tensor(0.0424, device='cuda:0')
tensor(0.0423, device='cuda:0')
tensor(0.0422, device='cuda:0')
tensor(0.0420, device='cuda:0')
tensor(0.0419, device='cuda:0')
tensor(0.0419, device='cuda:0')
tensor(0.0418, device='cuda:0')
tensor(0.0419, device='cuda:0')
tensor(0.0420, device='cuda:0')
tensor(0.0422, device='cuda:0')
tensor(0.0425, device='cuda:0')
tensor(0.0428, device='cuda:0')
tensor(0.0432, device='cuda:0')
tensor(0.0436, device='cuda:0')
tensor(0.0440, device='cuda:0')
tensor(0.0444, device='cuda:0')
tensor(0.0449, device='cuda:0')
tensor(0.0453, device='cuda:0')
tensor(0.0457, device='cuda:0')
tensor(0.0462, device='cuda:0')
tensor(0.0466, device='cuda:0')
tensor(0.0470, device='cuda:0')
tensor(0.0474, device='cuda:0')
tensor(0.0478, device='cuda:0')
tensor(0.0483, device='cuda:0')
tensor(0.0488, device='cuda:0')
tensor(0.0493, device='cuda:0')
tensor(0.0499, device='cuda:0')
tensor(0.0504, device='cuda:0')
tensor(0.0510, device='cuda:0')
tensor(0.0515, device='cuda:0')
tensor(0.0521, device='cuda:0')
tensor(0.0526, device='cuda:0')
tensor(0.0530, device='cuda:0')
tensor(0.0534, device='cuda:0')
tensor(0.0537, device='cuda:0')
tensor(0.0540, device='cuda:0')
tensor(0.0541, device='cuda:0')
tensor(0.0542, device='cuda:0')
tensor(0.0542, device='cuda:0')
tensor(0.0540, device='cuda:0')
tensor(0.0538, device='cuda:0')
tensor(0.0534, device='cuda:0')
tensor(0.0531, device='cuda:0')
tensor(0.0526, device='cuda:0')
tensor(0.0521, device='cuda:0')
tensor(0.0516, device='cuda:0')
tensor(0.0511, device='cuda:0')
tensor(0.0506, device='cuda:0')
tensor(0.0501, device='cuda:0')
tensor(0.0496, device='cuda:0')
tensor(0.0492, device='cuda:0')
tensor(0.0487, device='cuda:0')
tensor(0.0482, device='cuda:0')
tensor(0.0477, device='cuda:0')
tensor(0.0472, device='cuda:0')
tensor(0.0466, device='cuda:0')
tensor(0.0459, device='cuda:0')
tensor(0.0451, device='cuda:0')
tensor(0.0442, device='cuda:0')
tensor(0.0433, device='cuda:0')
tensor(0.0422, device='cuda:0')
tensor(0.0411, device='cuda:0')
tensor(0.0399, device='cuda:0')
tensor(0.0388, device='cuda:0')
tensor(0.0377, device='cuda:0')
tensor(0.0366, device='cuda:0')
tensor(0.0356, device='cuda:0')
tensor(0.0348, device='cuda:0')
tensor(0.0341, device='cuda:0')
tensor(0.0335, device='cuda:0')
tensor(0.0331, device='cuda:0')
tensor(0.0328, device='cuda:0')
tensor(0.0327, device='cuda:0')
tensor(0.0328, device='cuda:0')
tensor(0.0330, device='cuda:0')
tensor(0.0333, device='cuda:0')
tensor(0.0338, device='cuda:0')
tensor(0.0345, device='cuda:0')
tensor(0.0353, device='cuda:0')
tensor(0.0362, device='cuda:0')
tensor(0.0371, device='cuda:0')
tensor(0.0381, device='cuda:0')
tensor(0.0391, device='cuda:0')
tensor(0.0400, device='cuda:0')
tensor(0.0408, device='cuda:0')
tensor(0.0414, device='cuda:0')
tensor(0.0418, device='cuda:0')
tensor(0.0418, device='cuda:0')
tensor(0.0415, device='cuda:0')
tensor(0.0407, device='cuda:0')
tensor(0.0396, device='cuda:0')
tensor(0.0381, device='cuda:0')
tensor(0.0363, device='cuda:0')
tensor(0.0343, device='cuda:0')
tensor(0.0323, device='cuda:0')
tensor(0.0305, device='cuda:0')
tensor(0.0290, device='cuda:0')
tensor(0.0279, device='cuda:0')
tensor(0.0272, device='cuda:0')
tensor(0.0270, device='cuda:0')
tensor(0.0273, device='cuda:0')
tensor(0.0279, device='cuda:0')
tensor(0.0288, device='cuda:0')
tensor(0.0299, device='cuda:0')
tensor(0.0310, device='cuda:0')
tensor(0.0320, device='cuda:0')
tensor(0.0329, device='cuda:0')
tensor(0.0335, device='cuda:0')
tensor(0.0340, device='cuda:0')
tensor(0.0342, device='cuda:0')
tensor(0.0342, device='cuda:0')
tensor(0.0340, device='cuda:0')
tensor(0.0336, device='cuda:0')
tensor(0.0332, device='cuda:0')
tensor(0.0326, device='cuda:0')
tensor(0.0321, device='cuda:0')
tensor(0.0315, device='cuda:0')
tensor(0.0310, device='cuda:0')
tensor(0.0305, device='cuda:0')
tensor(0.0301, device='cuda:0')
tensor(0.0299, device='cuda:0')
tensor(0.0298, device='cuda:0')
tensor(0.0298, device='cuda:0')
tensor(0.0300, device='cuda:0')
tensor(0.0302, device='cuda:0')
tensor(0.0306, device='cuda:0')
tensor(0.0310, device='cuda:0')
tensor(0.0315, device='cuda:0')
tensor(0.0320, device='cuda:0')
tensor(0.0325, device='cuda:0')
tensor(0.0331, device='cuda:0')
tensor(0.0338, device='cuda:0')
tensor(0.0347, device='cuda:0')
tensor(0.0358, device='cuda:0')
tensor(0.0372, device='cuda:0')
tensor(0.0388, device='cuda:0')
tensor(0.0407, device='cuda:0')
tensor(0.0427, device='cuda:0')
tensor(0.0449, device='cuda:0')
tensor(0.0471, device='cuda:0')
tensor(0.0493, device='cuda:0')
tensor(0.0514, device='cuda:0')
tensor(0.0532, device='cuda:0')
tensor(0.0547, device='cuda:0')
tensor(0.0560, device='cuda:0')
tensor(0.0569, device='cuda:0')
tensor(0.0575, device='cuda:0')
tensor(0.0579, device='cuda:0')
tensor(0.0581, device='cuda:0')
tensor(0.0582, device='cuda:0')
tensor(0.0581, device='cuda:0')
tensor(0.0580, device='cuda:0')
tensor(0.0578, device='cuda:0')
tensor(0.0576, device='cuda:0')
tensor(0.0574, device='cuda:0')
tensor(0.0572, device='cuda:0')
tensor(0.0570, device='cuda:0')
tensor(0.0568, device='cuda:0')
tensor(0.0567, device='cuda:0')
tensor(0.0565, device='cuda:0')
tensor(0.0564, device='cuda:0')
tensor(0.0563, device='cuda:0')
tensor(0.0563, device='cuda:0')
tensor(0.0564, device='cuda:0')
tensor(0.0564, device='cuda:0')
tensor(0.0566, device='cuda:0')
tensor(0.0567, device='cuda:0')
tensor(0.0569, device='cuda:0')
tensor(0.0570, device='cuda:0')
tensor(0.0572, device='cuda:0')
tensor(0.0573, device='cuda:0')
tensor(0.0573, device='cuda:0')
tensor(0.0573, device='cuda:0')
tensor(0.0573, device='cuda:0')
tensor(0.0572, device='cuda:0')
tensor(0.0572, device='cuda:0')
tensor(0.0571, device='cuda:0')
tensor(0.0571, device='cuda:0')
tensor(0.0570, device='cuda:0')
tensor(0.0570, device='cuda:0')
tensor(0.0570, device='cuda:0')
tensor(0.0569, device='cuda:0')
tensor(0.0569, device='cuda:0')
tensor(0.0568, device='cuda:0')
tensor(0.0567, device='cuda:0')
tensor(0.0566, device='cuda:0')
tensor(0.0565, device='cuda:0')
tensor(0.0563, device='cuda:0')
tensor(0.0561, device='cuda:0')
tensor(0.0559, device='cuda:0')
tensor(0.0556, device='cuda:0')
tensor(0.0553, device='cuda:0')
tensor(0.0550, device='cuda:0')
tensor(0.0546, device='cuda:0')
tensor(0.0543, device='cuda:0')
tensor(0.0539, device='cuda:0')
tensor(0.0535, device='cuda:0')
tensor(0.0532, device='cuda:0')
tensor(0.0528, device='cuda:0')
tensor(0.0525, device='cuda:0')
tensor(0.0522, device='cuda:0')
tensor(0.0519, device='cuda:0')
tensor(0.0516, device='cuda:0')
tensor(0.0513, device='cuda:0')
tensor(0.0509, device='cuda:0')
tensor(0.0505, device='cuda:0')
tensor(0.0501, device='cuda:0')
tensor(0.0495, device='cuda:0')
tensor(0.0489, device='cuda:0')
tensor(0.0483, device='cuda:0')
tensor(0.0475, device='cuda:0')
tensor(0.0468, device='cuda:0')
tensor(0.0460, device='cuda:0')
tensor(0.0452, device='cuda:0')
tensor(0.0444, device='cuda:0')
tensor(0.0437, device='cuda:0')
tensor(0.0430, device='cuda:0')
tensor(0.0423, device='cuda:0')
tensor(0.0417, device='cuda:0')
tensor(0.0411, device='cuda:0')
tensor(0.0405, device='cuda:0')
tensor(0.0400, device='cuda:0')
tensor(0.0396, device='cuda:0')
tensor(0.0391, device='cuda:0')
tensor(0.0388, device='cuda:0')
tensor(0.0384, device='cuda:0')
tensor(0.0380, device='cuda:0')
tensor(0.0376, device='cuda:0')
tensor(0.0373, device='cuda:0')
tensor(0.0370, device='cuda:0')
tensor(0.0367, device='cuda:0')
tensor(0.0364, device='cuda:0')
tensor(0.0361, device='cuda:0')
tensor(0.0359, device='cuda:0')
tensor(0.0358, device='cuda:0')
tensor(0.0357, device='cuda:0')
tensor(0.0357, device='cuda:0')
tensor(0.0358, device='cuda:0')
tensor(0.0360, device='cuda:0')
tensor(0.0362, device='cuda:0')
tensor(0.0364, device='cuda:0')
tensor(0.0366, device='cuda:0')
tensor(0.0369, device='cuda:0')
tensor(0.0370, device='cuda:0')
tensor(0.0371, device='cuda:0')
tensor(0.0371, device='cuda:0')
tensor(0.0370, device='cuda:0')
tensor(0.0368, device='cuda:0')
tensor(0.0366, device='cuda:0')
tensor(0.0363, device='cuda:0')
tensor(0.0360, device='cuda:0')
tensor(0.0357, device='cuda:0')
tensor(0.0354, device='cuda:0')
tensor(0.0350, device='cuda:0')
tensor(0.0348, device='cuda:0')
tensor(0.0345, device='cuda:0')
tensor(0.0343, device='cuda:0')
tensor(0.0341, device='cuda:0')
tensor(0.0339, device='cuda:0')
tensor(0.0338, device='cuda:0')
tensor(0.0336, device='cuda:0')
tensor(0.0334, device='cuda:0')
tensor(0.0332, device='cuda:0')
tensor(0.0331, device='cuda:0')
tensor(0.0331, device='cuda:0')
tensor(0.0332, device='cuda:0')
tensor(0.0334, device='cuda:0')
tensor(0.0338, device='cuda:0')
tensor(0.0342, device='cuda:0')
tensor(0.0346, device='cuda:0')
tensor(0.0350, device='cuda:0')
tensor(0.0353, device='cuda:0')
tensor(0.0354, device='cuda:0')
tensor(0.0352, device='cuda:0')
tensor(0.0349, device='cuda:0')
tensor(0.0343, device='cuda:0')
tensor(0.0335, device='cuda:0')
tensor(0.0326, device='cuda:0')
tensor(0.0317, device='cuda:0')
tensor(0.0308, device='cuda:0')
tensor(0.0300, device='cuda:0')
tensor(0.0294, device='cuda:0')
tensor(0.0290, device='cuda:0')
tensor(0.0288, device='cuda:0')
tensor(0.0288, device='cuda:0')
tensor(0.0291, device='cuda:0')
tensor(0.0296, device='cuda:0')
tensor(0.0303, device='cuda:0')
tensor(0.0313, device='cuda:0')
tensor(0.0325, device='cuda:0')
tensor(0.0339, device='cuda:0')
tensor(0.0353, device='cuda:0')
tensor(0.0368, device='cuda:0')
tensor(0.0384, device='cuda:0')
tensor(0.0399, device='cuda:0')
tensor(0.0413, device='cuda:0')
tensor(0.0427, device='cuda:0')
tensor(0.0440, device='cuda:0')
tensor(0.0452, device='cuda:0')
tensor(0.0465, device='cuda:0')
tensor(0.0477, device='cuda:0')
tensor(0.0491, device='cuda:0')
tensor(0.0506, device='cuda:0')
tensor(0.0522, device='cuda:0')
tensor(0.0540, device='cuda:0')
tensor(0.0560, device='cuda:0')
tensor(0.0580, device='cuda:0')
tensor(0.0601, device='cuda:0')
tensor(0.0621, device='cuda:0')
tensor(0.0639, device='cuda:0')
tensor(0.0655, device='cuda:0')
tensor(0.0667, device='cuda:0')
tensor(0.0676, device='cuda:0')
tensor(0.0680, device='cuda:0')
tensor(0.0682, device='cuda:0')
tensor(0.0681, device='cuda:0')
tensor(0.0679, device='cuda:0')
tensor(0.0675, device='cuda:0')
tensor(0.0672, device='cuda:0')
tensor(0.0669, device='cuda:0')
tensor(0.0666, device='cuda:0')
tensor(0.0664, device='cuda:0')
tensor(0.0661, device='cuda:0')
tensor(0.0659, device='cuda:0')
tensor(0.0657, device='cuda:0')
tensor(0.0655, device='cuda:0')
tensor(0.0654, device='cuda:0')
tensor(0.0654, device='cuda:0')
tensor(0.0655, device='cuda:0')
tensor(0.0657, device='cuda:0')
tensor(0.0660, device='cuda:0')
tensor(0.0665, device='cuda:0')
tensor(0.0671, device='cuda:0')
tensor(0.0679, device='cuda:0')
tensor(0.0687, device='cuda:0')
tensor(0.0695, device='cuda:0')
tensor(0.0703, device='cuda:0')
tensor(0.0711, device='cuda:0')
tensor(0.0718, device='cuda:0')
tensor(0.0726, device='cuda:0')
tensor(0.0733, device='cuda:0')
tensor(0.0741, device='cuda:0')
tensor(0.0749, device='cuda:0')
tensor(0.0757, device='cuda:0')
tensor(0.0765, device='cuda:0')
tensor(0.0773, device='cuda:0')
tensor(0.0780, device='cuda:0')
tensor(0.0787, device='cuda:0')
tensor(0.0794, device='cuda:0')
tensor(0.0800, device='cuda:0')
tensor(0.0806, device='cuda:0')
tensor(0.0813, device='cuda:0')
tensor(0.0820, device='cuda:0')
tensor(0.0829, device='cuda:0')
tensor(0.0838, device='cuda:0')
tensor(0.0848, device='cuda:0')
tensor(0.0859, device='cuda:0')
tensor(0.0870, device='cuda:0')
tensor(0.0882, device='cuda:0')
tensor(0.0893, device='cuda:0')
tensor(0.0905, device='cuda:0')
tensor(0.0917, device='cuda:0')
tensor(0.0929, device='cuda:0')
tensor(0.0942, device='cuda:0')
tensor(0.0955, device='cuda:0')
tensor(0.0971, device='cuda:0')
tensor(0.0988, device='cuda:0')
tensor(0.1006, device='cuda:0')
tensor(0.1026, device='cuda:0')
tensor(0.1048, device='cuda:0')
tensor(0.1070, device='cuda:0')
tensor(0.1092, device='cuda:0')
tensor(0.1115, device='cuda:0')
tensor(0.1135, device='cuda:0')
tensor(0.1154, device='cuda:0')
tensor(0.1169, device='cuda:0')
tensor(0.1179, device='cuda:0')
tensor(0.1185, device='cuda:0')
tensor(0.1185, device='cuda:0')
tensor(0.1179, device='cuda:0')
tensor(0.1167, device='cuda:0')
tensor(0.1148, device='cuda:0')
tensor(0.1125, device='cuda:0')
tensor(0.1096, device='cuda:0')
tensor(0.1064, device='cuda:0')
tensor(0.1029, device='cuda:0')
tensor(0.0992, device='cuda:0')
tensor(0.0954, device='cuda:0')
tensor(0.0916, device='cuda:0')
tensor(0.0878, device='cuda:0')
tensor(0.0840, device='cuda:0')
tensor(0.0804, device='cuda:0')
tensor(0.0769, device='cuda:0')
tensor(0.0735, device='cuda:0')
tensor(0.0703, device='cuda:0')
tensor(0.0674, device='cuda:0')
tensor(0.0647, device='cuda:0')
tensor(0.0624, device='cuda:0')
tensor(0.0603, device='cuda:0')
tensor(0.0586, device='cuda:0')
tensor(0.0571, device='cuda:0')
tensor(0.0560, device='cuda:0')
tensor(0.0551, device='cuda:0')
tensor(0.0544, device='cuda:0')
tensor(0.0540, device='cuda:0')
tensor(0.0539, device='cuda:0')
tensor(0.0539, device='cuda:0')
tensor(0.0542, device='cuda:0')
tensor(0.0546, device='cuda:0')
tensor(0.0552, device='cuda:0')
tensor(0.0559, device='cuda:0')
tensor(0.0567, device='cuda:0')
tensor(0.0576, device='cuda:0')
tensor(0.0585, device='cuda:0')
tensor(0.0594, device='cuda:0')
tensor(0.0603, device='cuda:0')
tensor(0.0611, device='cuda:0')
tensor(0.0619, device='cuda:0')
tensor(0.0626, device='cuda:0')
tensor(0.0633, device='cuda:0')
tensor(0.0640, device='cuda:0')
tensor(0.0648, device='cuda:0')
tensor(0.0657, device='cuda:0')
tensor(0.0668, device='cuda:0')
tensor(0.0681, device='cuda:0')
tensor(0.0698, device='cuda:0')
tensor(0.0718, device='cuda:0')
tensor(0.0742, device='cuda:0')
tensor(0.0769, device='cuda:0')
tensor(0.0801, device='cuda:0')
tensor(0.0836, device='cuda:0')
tensor(0.0874, device='cuda:0')
tensor(0.0914, device='cuda:0')
tensor(0.0955, device='cuda:0')
tensor(0.0995, device='cuda:0')
tensor(0.1035, device='cuda:0')
tensor(0.1071, device='cuda:0')
tensor(0.1104, device='cuda:0')
tensor(0.1132, device='cuda:0')
tensor(0.1155, device='cuda:0')
tensor(0.1173, device='cuda:0')
tensor(0.1187, device='cuda:0')
tensor(0.1195, device='cuda:0')
tensor(0.1200, device='cuda:0')
tensor(0.1201, device='cuda:0')
tensor(0.1198, device='cuda:0')
tensor(0.1192, device='cuda:0')
tensor(0.1183, device='cuda:0')
tensor(0.1170, device='cuda:0')
tensor(0.1153, device='cuda:0')
tensor(0.1132, device='cuda:0')
tensor(0.1107, device='cuda:0')
tensor(0.1077, device='cuda:0')
tensor(0.1043, device='cuda:0')
tensor(0.1007, device='cuda:0')
tensor(0.0968, device='cuda:0')
tensor(0.0929, device='cuda:0')
tensor(0.0889, device='cuda:0')
tensor(0.0851, device='cuda:0')
tensor(0.0815, device='cuda:0')
tensor(0.0782, device='cuda:0')
tensor(0.0752, device='cuda:0')
tensor(0.0724, device='cuda:0')
tensor(0.0699, device='cuda:0')
tensor(0.0676, device='cuda:0')
tensor(0.0654, device='cuda:0')
tensor(0.0634, device='cuda:0')
tensor(0.0614, device='cuda:0')
tensor(0.0596, device='cuda:0')
tensor(0.0578, device='cuda:0')
tensor(0.0562, device='cuda:0')
tensor(0.0548, device='cuda:0')
tensor(0.0535, device='cuda:0')
tensor(0.0524, device='cuda:0')
tensor(0.0516, device='cuda:0')
tensor(0.0509, device='cuda:0')
tensor(0.0505, device='cuda:0')
tensor(0.0502, device='cuda:0')
tensor(0.0501, device='cuda:0')
tensor(0.0502, device='cuda:0')
tensor(0.0505, device='cuda:0')
tensor(0.0508, device='cuda:0')
tensor(0.0512, device='cuda:0')
tensor(0.0517, device='cuda:0')
tensor(0.0522, device='cuda:0')
tensor(0.0527, device='cuda:0')
tensor(0.0531, device='cuda:0')
tensor(0.0535, device='cuda:0')
tensor(0.0538, device='cuda:0')
tensor(0.0540, device='cuda:0')
tensor(0.0542, device='cuda:0')
tensor(0.0544, device='cuda:0')
tensor(0.0546, device='cuda:0')
tensor(0.0548, device='cuda:0')
tensor(0.0551, device='cuda:0')
tensor(0.0556, device='cuda:0')
tensor(0.0561, device='cuda:0')
tensor(0.0568, device='cuda:0')
tensor(0.0575, device='cuda:0')
tensor(0.0583, device='cuda:0')
tensor(0.0590, device='cuda:0')
tensor(0.0597, device='cuda:0')
tensor(0.0603, device='cuda:0')
tensor(0.0608, device='cuda:0')
tensor(0.0611, device='cuda:0')
tensor(0.0613, device='cuda:0')
tensor(0.0613, device='cuda:0')
tensor(0.0611, device='cuda:0')
tensor(0.0609, device='cuda:0')
tensor(0.0605, device='cuda:0')
tensor(0.0599, device='cuda:0')
tensor(0.0593, device='cuda:0')
tensor(0.0586, device='cuda:0')
tensor(0.0578, device='cuda:0')
tensor(0.0569, device='cuda:0')
tensor(0.0559, device='cuda:0')
tensor(0.0550, device='cuda:0')
tensor(0.0540, device='cuda:0')
tensor(0.0530, device='cuda:0')
tensor(0.0520, device='cuda:0')
tensor(0.0511, device='cuda:0')
tensor(0.0503, device='cuda:0')
tensor(0.0496, device='cuda:0')
tensor(0.0489, device='cuda:0')
tensor(0.0483, device='cuda:0')
tensor(0.0478, device='cuda:0')
tensor(0.0473, device='cuda:0')
tensor(0.0469, device='cuda:0')
tensor(0.0466, device='cuda:0')
tensor(0.0462, device='cuda:0')
tensor(0.0459, device='cuda:0')
tensor(0.0456, device='cuda:0')
tensor(0.0454, device='cuda:0')
tensor(0.0452, device='cuda:0')
tensor(0.0451, device='cuda:0')
tensor(0.0449, device='cuda:0')
tensor(0.0449, device='cuda:0')
tensor(0.0449, device='cuda:0')
tensor(0.0449, device='cuda:0')
tensor(0.0449, device='cuda:0')
tensor(0.0449, device='cuda:0')
tensor(0.0449, device='cuda:0')
tensor(0.0449, device='cuda:0')
tensor(0.0449, device='cuda:0')
tensor(0.0450, device='cuda:0')
tensor(0.0450, device='cuda:0')
tensor(0.0450, device='cuda:0')
tensor(0.0450, device='cuda:0')
tensor(0.0451, device='cuda:0')
tensor(0.0451, device='cuda:0')
tensor(0.0452, device='cuda:0')
tensor(0.0453, device='cuda:0')
tensor(0.0454, device='cuda:0')
tensor(0.0455, device='cuda:0')
tensor(0.0456, device='cuda:0')
tensor(0.0457, device='cuda:0')
tensor(0.0457, device='cuda:0')
tensor(0.0457, device='cuda:0')
tensor(0.0457, device='cuda:0')
tensor(0.0456, device='cuda:0')
tensor(0.0454, device='cuda:0')
tensor(0.0452, device='cuda:0')
tensor(0.0450, device='cuda:0')
tensor(0.0447, device='cuda:0')
tensor(0.0444, device='cuda:0')
tensor(0.0441, device='cuda:0')
tensor(0.0438, device='cuda:0')
tensor(0.0436, device='cuda:0')
tensor(0.0435, device='cuda:0')
tensor(0.0435, device='cuda:0')
tensor(0.0435, device='cuda:0')
tensor(0.0436, device='cuda:0')
tensor(0.0437, device='cuda:0')
tensor(0.0438, device='cuda:0')
tensor(0.0438, device='cuda:0')
tensor(0.0437, device='cuda:0')
tensor(0.0435, device='cuda:0')
tensor(0.0432, device='cuda:0')
tensor(0.0428, device='cuda:0')
tensor(0.0423, device='cuda:0')
tensor(0.0418, device='cuda:0')
tensor(0.0412, device='cuda:0')
tensor(0.0406, device='cuda:0')
tensor(0.0401, device='cuda:0')
tensor(0.0395, device='cuda:0')
tensor(0.0390, device='cuda:0')
tensor(0.0384, device='cuda:0')
tensor(0.0380, device='cuda:0')
tensor(0.0375, device='cuda:0')
tensor(0.0371, device='cuda:0')
tensor(0.0367, device='cuda:0')
tensor(0.0364, device='cuda:0')
tensor(0.0361, device='cuda:0')
tensor(0.0358, device='cuda:0')
tensor(0.0356, device='cuda:0')
tensor(0.0354, device='cuda:0')
tensor(0.0353, device='cuda:0')
tensor(0.0353, device='cuda:0')
tensor(0.0354, device='cuda:0')
tensor(0.0356, device='cuda:0')
tensor(0.0359, device='cuda:0')
tensor(0.0363, device='cuda:0')
tensor(0.0368, device='cuda:0')
tensor(0.0374, device='cuda:0')
tensor(0.0381, device='cuda:0')
tensor(0.0388, device='cuda:0')
tensor(0.0395, device='cuda:0')
tensor(0.0402, device='cuda:0')
tensor(0.0408, device='cuda:0')
tensor(0.0412, device='cuda:0')
tensor(0.0415, device='cuda:0')
tensor(0.0417, device='cuda:0')
tensor(0.0418, device='cuda:0')
tensor(0.0416, device='cuda:0')
tensor(0.0414, device='cuda:0')
tensor(0.0410, device='cuda:0')
tensor(0.0405, device='cuda:0')
tensor(0.0398, device='cuda:0')
tensor(0.0391, device='cuda:0')
tensor(0.0383, device='cuda:0')
tensor(0.0375, device='cuda:0')
tensor(0.0366, device='cuda:0')
tensor(0.0356, device='cuda:0')
tensor(0.0346, device='cuda:0')
tensor(0.0337, device='cuda:0')
tensor(0.0327, device='cuda:0')
tensor(0.0319, device='cuda:0')
tensor(0.0311, device='cuda:0')
tensor(0.0305, device='cuda:0')
tensor(0.0299, device='cuda:0')
tensor(0.0295, device='cuda:0')
tensor(0.0291, device='cuda:0')
tensor(0.0289, device='cuda:0')
tensor(0.0287, device='cuda:0')
tensor(0.0285, device='cuda:0')
tensor(0.0285, device='cuda:0')
tensor(0.0285, device='cuda:0')
tensor(0.0287, device='cuda:0')
tensor(0.0290, device='cuda:0')
tensor(0.0294, device='cuda:0')
tensor(0.0300, device='cuda:0')
tensor(0.0308, device='cuda:0')
tensor(0.0316, device='cuda:0')
tensor(0.0326, device='cuda:0')
tensor(0.0336, device='cuda:0')
tensor(0.0345, device='cuda:0')
tensor(0.0355, device='cuda:0')
tensor(0.0363, device='cuda:0')
tensor(0.0371, device='cuda:0')
tensor(0.0378, device='cuda:0')
tensor(0.0385, device='cuda:0')
tensor(0.0392, device='cuda:0')
tensor(0.0400, device='cuda:0')
tensor(0.0407, device='cuda:0')
tensor(0.0416, device='cuda:0')
tensor(0.0425, device='cuda:0')
tensor(0.0435, device='cuda:0')
tensor(0.0447, device='cuda:0')
tensor(0.0460, device='cuda:0')
tensor(0.0475, device='cuda:0')
tensor(0.0490, device='cuda:0')
tensor(0.0507, device='cuda:0')
tensor(0.0524, device='cuda:0')
tensor(0.0540, device='cuda:0')
tensor(0.0557, device='cuda:0')
tensor(0.0573, device='cuda:0')
tensor(0.0588, device='cuda:0')
tensor(0.0602, device='cuda:0')
tensor(0.0616, device='cuda:0')
tensor(0.0629, device='cuda:0')
tensor(0.0641, device='cuda:0')
tensor(0.0653, device='cuda:0')
tensor(0.0663, device='cuda:0')
tensor(0.0673, device='cuda:0')
tensor(0.0680, device='cuda:0')
tensor(0.0686, device='cuda:0')
tensor(0.0689, device='cuda:0')
tensor(0.0689, device='cuda:0')
tensor(0.0685, device='cuda:0')
tensor(0.0678, device='cuda:0')
tensor(0.0667, device='cuda:0')
tensor(0.0652, device='cuda:0')
tensor(0.0634, device='cuda:0')
tensor(0.0613, device='cuda:0')
tensor(0.0589, device='cuda:0')
tensor(0.0564, device='cuda:0')
tensor(0.0539, device='cuda:0')
tensor(0.0514, device='cuda:0')
tensor(0.0491, device='cuda:0')
tensor(0.0469, device='cuda:0')
tensor(0.0450, device='cuda:0')
tensor(0.0434, device='cuda:0')
tensor(0.0421, device='cuda:0')
tensor(0.0409, device='cuda:0')
tensor(0.0400, device='cuda:0')
tensor(0.0393, device='cuda:0')
tensor(0.0388, device='cuda:0')
tensor(0.0383, device='cuda:0')
tensor(0.0380, device='cuda:0')
tensor(0.0378, device='cuda:0')
tensor(0.0376, device='cuda:0')
tensor(0.0375, device='cuda:0')
tensor(0.0375, device='cuda:0')
tensor(0.0376, device='cuda:0')
tensor(0.0378, device='cuda:0')
tensor(0.0380, device='cuda:0')
tensor(0.0382, device='cuda:0')
tensor(0.0385, device='cuda:0')
tensor(0.0389, device='cuda:0')
tensor(0.0392, device='cuda:0')
tensor(0.0396, device='cuda:0')
tensor(0.0401, device='cuda:0')
tensor(0.0405, device='cuda:0')
tensor(0.0410, device='cuda:0')
tensor(0.0416, device='cuda:0')
tensor(0.0421, device='cuda:0')
tensor(0.0428, device='cuda:0')
tensor(0.0434, device='cuda:0')
tensor(0.0441, device='cuda:0')
tensor(0.0449, device='cuda:0')
tensor(0.0456, device='cuda:0')
tensor(0.0464, device='cuda:0')
tensor(0.0471, device='cuda:0')
tensor(0.0477, device='cuda:0')
tensor(0.0483, device='cuda:0')
tensor(0.0489, device='cuda:0')
tensor(0.0493, device='cuda:0')
tensor(0.0496, device='cuda:0')
tensor(0.0498, device='cuda:0')
tensor(0.0499, device='cuda:0')
tensor(0.0499, device='cuda:0')
tensor(0.0498, device='cuda:0')
tensor(0.0496, device='cuda:0')
tensor(0.0494, device='cuda:0')
tensor(0.0492, device='cuda:0')
tensor(0.0489, device='cuda:0')
tensor(0.0486, device='cuda:0')
tensor(0.0483, device='cuda:0')
tensor(0.0481, device='cuda:0')
tensor(0.0479, device='cuda:0')
tensor(0.0477, device='cuda:0')
tensor(0.0476, device='cuda:0')
tensor(0.0476, device='cuda:0')
tensor(0.0476, device='cuda:0')
tensor(0.0476, device='cuda:0')
tensor(0.0478, device='cuda:0')
tensor(0.0479, device='cuda:0')
tensor(0.0482, device='cuda:0')
tensor(0.0484, device='cuda:0')
tensor(0.0487, device='cuda:0')
tensor(0.0491, device='cuda:0')
tensor(0.0494, device='cuda:0')
tensor(0.0498, device='cuda:0')
tensor(0.0503, device='cuda:0')
tensor(0.0507, device='cuda:0')
tensor(0.0511, device='cuda:0')
tensor(0.0515, device='cuda:0')
tensor(0.0519, device='cuda:0')
tensor(0.0523, device='cuda:0')
tensor(0.0527, device='cuda:0')
tensor(0.0530, device='cuda:0')
tensor(0.0534, device='cuda:0')
tensor(0.0537, device='cuda:0')
tensor(0.0540, device='cuda:0')
tensor(0.0543, device='cuda:0')
tensor(0.0545, device='cuda:0')
tensor(0.0546, device='cuda:0')
tensor(0.0548, device='cuda:0')
tensor(0.0548, device='cuda:0')
tensor(0.0548, device='cuda:0')
tensor(0.0547, device='cuda:0')
tensor(0.0546, device='cuda:0')
tensor(0.0545, device='cuda:0')
tensor(0.0544, device='cuda:0')
tensor(0.0543, device='cuda:0')
tensor(0.0543, device='cuda:0')
tensor(0.0543, device='cuda:0')
tensor(0.0544, device='cuda:0')
tensor(0.0546, device='cuda:0')
tensor(0.0549, device='cuda:0')
tensor(0.0552, device='cuda:0')
tensor(0.0557, device='cuda:0')
tensor(0.0562, device='cuda:0')
tensor(0.0568, device='cuda:0')
tensor(0.0574, device='cuda:0')
tensor(0.0580, device='cuda:0')
tensor(0.0585, device='cuda:0')
tensor(0.0590, device='cuda:0')
tensor(0.0592, device='cuda:0')
tensor(0.0593, device='cuda:0')
tensor(0.0592, device='cuda:0')
tensor(0.0589, device='cuda:0')
tensor(0.0585, device='cuda:0')
tensor(0.0579, device='cuda:0')
tensor(0.0573, device='cuda:0')
tensor(0.0566, device='cuda:0')
tensor(0.0560, device='cuda:0')
tensor(0.0554, device='cuda:0')
tensor(0.0549, device='cuda:0')
tensor(0.0545, device='cuda:0')
tensor(0.0542, device='cuda:0')
tensor(0.0541, device='cuda:0')
tensor(0.0540, device='cuda:0')
tensor(0.0541, device='cuda:0')
tensor(0.0543, device='cuda:0')
tensor(0.0547, device='cuda:0')
tensor(0.0551, device='cuda:0')
tensor(0.0557, device='cuda:0')
tensor(0.0565, device='cuda:0')
tensor(0.0576, device='cuda:0')
tensor(0.0589, device='cuda:0')
tensor(0.0606, device='cuda:0')
tensor(0.0627, device='cuda:0')
tensor(0.0653, device='cuda:0')
tensor(0.0683, device='cuda:0')
tensor(0.0718, device='cuda:0')
tensor(0.0757, device='cuda:0')
tensor(0.0800, device='cuda:0')
tensor(0.0847, device='cuda:0')
tensor(0.0895, device='cuda:0')
tensor(0.0944, device='cuda:0')
tensor(0.0992, device='cuda:0')
tensor(0.1038, device='cuda:0')
tensor(0.1080, device='cuda:0')
tensor(0.1118, device='cuda:0')
tensor(0.1150, device='cuda:0')
tensor(0.1176, device='cuda:0')
tensor(0.1196, device='cuda:0')
tensor(0.1210, device='cuda:0')
tensor(0.1218, device='cuda:0')
tensor(0.1220, device='cuda:0')
tensor(0.1216, device='cuda:0')
tensor(0.1206, device='cuda:0')
tensor(0.1189, device='cuda:0')
tensor(0.1166, device='cuda:0')
tensor(0.1137, device='cuda:0')
tensor(0.1102, device='cuda:0')
tensor(0.1063, device='cuda:0')
tensor(0.1019, device='cuda:0')
tensor(0.0974, device='cuda:0')
tensor(0.0928, device='cuda:0')
tensor(0.0883, device='cuda:0')
tensor(0.0839, device='cuda:0')
tensor(0.0800, device='cuda:0')
tensor(0.0764, device='cuda:0')
tensor(0.0734, device='cuda:0')
tensor(0.0709, device='cuda:0')
tensor(0.0689, device='cuda:0')
tensor(0.0674, device='cuda:0')
tensor(0.0664, device='cuda:0')
tensor(0.0657, device='cuda:0')
tensor(0.0652, device='cuda:0')
tensor(0.0649, device='cuda:0')
tensor(0.0648, device='cuda:0')
tensor(0.0646, device='cuda:0')
tensor(0.0644, device='cuda:0')
tensor(0.0642, device='cuda:0')
tensor(0.0638, device='cuda:0')
tensor(0.0634, device='cuda:0')
tensor(0.0629, device='cuda:0')
tensor(0.0623, device='cuda:0')
tensor(0.0617, device='cuda:0')
tensor(0.0611, device='cuda:0')
tensor(0.0605, device='cuda:0')
tensor(0.0598, device='cuda:0')
tensor(0.0592, device='cuda:0')
tensor(0.0586, device='cuda:0')
tensor(0.0580, device='cuda:0')
tensor(0.0574, device='cuda:0')
tensor(0.0569, device='cuda:0')
tensor(0.0565, device='cuda:0')
tensor(0.0560, device='cuda:0')
tensor(0.0557, device='cuda:0')
tensor(0.0554, device='cuda:0')
tensor(0.0551, device='cuda:0')
tensor(0.0549, device='cuda:0')
tensor(0.0549, device='cuda:0')
tensor(0.0549, device='cuda:0')
tensor(0.0550, device='cuda:0')
tensor(0.0553, device='cuda:0')
tensor(0.0556, device='cuda:0')
tensor(0.0562, device='cuda:0')
tensor(0.0569, device='cuda:0')
tensor(0.0577, device='cuda:0')
tensor(0.0587, device='cuda:0')
tensor(0.0598, device='cuda:0')
tensor(0.0612, device='cuda:0')
tensor(0.0626, device='cuda:0')
tensor(0.0643, device='cuda:0')
tensor(0.0660, device='cuda:0')
tensor(0.0679, device='cuda:0')
tensor(0.0697, device='cuda:0')
tensor(0.0716, device='cuda:0')
tensor(0.0734, device='cuda:0')
tensor(0.0750, device='cuda:0')
tensor(0.0765, device='cuda:0')
tensor(0.0778, device='cuda:0')
tensor(0.0788, device='cuda:0')
tensor(0.0795, device='cuda:0')
tensor(0.0800, device='cuda:0')
tensor(0.0802, device='cuda:0')
tensor(0.0802, device='cuda:0')
tensor(0.0800, device='cuda:0')
tensor(0.0796, device='cuda:0')
tensor(0.0791, device='cuda:0')
tensor(0.0784, device='cuda:0')
tensor(0.0777, device='cuda:0')
tensor(0.0769, device='cuda:0')
tensor(0.0762, device='cuda:0')
tensor(0.0754, device='cuda:0')
tensor(0.0747, device='cuda:0')
tensor(0.0740, device='cuda:0')
tensor(0.0734, device='cuda:0')
tensor(0.0730, device='cuda:0')
tensor(0.0726, device='cuda:0')
tensor(0.0725, device='cuda:0')
tensor(0.0724, device='cuda:0')
tensor(0.0725, device='cuda:0')
tensor(0.0728, device='cuda:0')
tensor(0.0732, device='cuda:0')
tensor(0.0737, device='cuda:0')
tensor(0.0745, device='cuda:0')
tensor(0.0754, device='cuda:0')
tensor(0.0764, device='cuda:0')
tensor(0.0777, device='cuda:0')
tensor(0.0791, device='cuda:0')
tensor(0.0806, device='cuda:0')
tensor(0.0821, device='cuda:0')
tensor(0.0837, device='cuda:0')
tensor(0.0853, device='cuda:0')
tensor(0.0868, device='cuda:0')
tensor(0.0882, device='cuda:0')
tensor(0.0894, device='cuda:0')
tensor(0.0905, device='cuda:0')
tensor(0.0914, device='cuda:0')
tensor(0.0920, device='cuda:0')
tensor(0.0925, device='cuda:0')
tensor(0.0929, device='cuda:0')
tensor(0.0930, device='cuda:0')
tensor(0.0931, device='cuda:0')
tensor(0.0931, device='cuda:0')
tensor(0.0931, device='cuda:0')
tensor(0.0931, device='cuda:0')
tensor(0.0930, device='cuda:0')
tensor(0.0930, device='cuda:0')
tensor(0.0929, device='cuda:0')
tensor(0.0929, device='cuda:0')
tensor(0.0929, device='cuda:0')
tensor(0.0928, device='cuda:0')
tensor(0.0927, device='cuda:0')
tensor(0.0926, device='cuda:0')
tensor(0.0924, device='cuda:0')
tensor(0.0922, device='cuda:0')
tensor(0.0919, device='cuda:0')
tensor(0.0916, device='cuda:0')
tensor(0.0913, device='cuda:0')
tensor(0.0909, device='cuda:0')
tensor(0.0904, device='cuda:0')
tensor(0.0900, device='cuda:0')
tensor(0.0895, device='cuda:0')
tensor(0.0889, device='cuda:0')
tensor(0.0883, device='cuda:0')
tensor(0.0877, device='cuda:0')
tensor(0.0870, device='cuda:0')
tensor(0.0863, device='cuda:0')
tensor(0.0855, device='cuda:0')
tensor(0.0847, device='cuda:0')
tensor(0.0840, device='cuda:0')
tensor(0.0832, device='cuda:0')
tensor(0.0824, device='cuda:0')
tensor(0.0817, device='cuda:0')
tensor(0.0809, device='cuda:0')
tensor(0.0802, device='cuda:0')
tensor(0.0795, device='cuda:0')
tensor(0.0788, device='cuda:0')
tensor(0.0782, device='cuda:0')
tensor(0.0777, device='cuda:0')
tensor(0.0771, device='cuda:0')
tensor(0.0767, device='cuda:0')
tensor(0.0763, device='cuda:0')
tensor(0.0759, device='cuda:0')
tensor(0.0756, device='cuda:0')
total_test_loss:0.04562203958630562
dim0: total_test_loss:0.07383627301349152
dim1: total_test_loss:0.028472765489739378
dim2: total_test_loss:0.07488050179771918
dim3: total_test_loss:0.020016999610046507
dim4: total_test_loss:0.05882363909588347
dim5: total_test_loss:0.021957503882747267
dim6: total_test_loss:0.041366544172665456
